#
# There is insufficient memory for the Java Runtime Environment to continue.
# Native memory allocation (malloc) failed to allocate 1048576 bytes. Error detail: AllocateHeap
# Possible reasons:
#   The system is out of physical RAM or swap space
#   This process is running with CompressedOops enabled, and the Java Heap may be blocking the growth of the native heap
# Possible solutions:
#   Reduce memory load on the system
#   Increase physical memory or swap space
#   Check if swap backing store is full
#   Decrease Java heap size (-Xmx/-Xms)
#   Decrease number of Java threads
#   Decrease Java thread stack sizes (-Xss)
#   Set larger code cache with -XX:ReservedCodeCacheSize=
#   JVM is running with Unscaled Compressed Oops mode in which the Java heap is
#     placed in the first 4GB address space. The Java Heap base address is the
#     maximum limit for the native heap growth. Please use -XX:HeapBaseMinAddress
#     to set the Java Heap base and to place the Java Heap above 4GB virtual address.
# This output file may be truncated or incomplete.
#
#  Out of Memory Error (allocation.cpp:44), pid=17820, tid=8232
#
# JRE version: OpenJDK Runtime Environment Temurin-21.0.10+7 (21.0.10+7) (build 21.0.10+7-LTS)
# Java VM: OpenJDK 64-Bit Server VM Temurin-21.0.10+7 (21.0.10+7-LTS, mixed mode, sharing, tiered, compressed oops, compressed class ptrs, parallel gc, windows-amd64)
# No core dump will be written. Minidumps are not enabled by default on client versions of Windows
#

---------------  S U M M A R Y ------------

Command Line: --add-modules=ALL-SYSTEM --add-opens=java.base/java.util=ALL-UNNAMED --add-opens=java.base/java.lang=ALL-UNNAMED --add-opens=java.base/sun.nio.fs=ALL-UNNAMED -Declipse.application=org.eclipse.jdt.ls.core.id1 -Dosgi.bundles.defaultStartLevel=4 -Declipse.product=org.eclipse.jdt.ls.core.product -Djava.import.generatesMetadataFilesAtProjectRoot=false -DDetectVMInstallationsJob.disabled=true -Dfile.encoding=utf8 -XX:+UseParallelGC -XX:GCTimeRatio=4 -XX:AdaptiveSizePolicyWeight=90 -Dsun.zip.disableMemoryMapping=true -Xmx2G -Xms100m -Xlog:disable -javaagent:c:\Users\Lenovo\.vscode\extensions\redhat.java-1.54.0-win32-x64\lombok\lombok-1.18.39-4050.jar -XX:+HeapDumpOnOutOfMemoryError -XX:HeapDumpPath=c:\Users\Lenovo\AppData\Roaming\Code\User\workspaceStorage\0768287e3c4817e1eb9a5923e08379d2\redhat.java -Daether.dependencyCollector.impl=bf c:\Users\Lenovo\.vscode\extensions\redhat.java-1.54.0-win32-x64\server\plugins\org.eclipse.equinox.launcher_1.7.100.v20251111-0406.jar -configuration c:\Users\Lenovo\AppData\Roaming\Code\User\globalStorage\redhat.java\1.54.0\config_win -data c:\Users\Lenovo\AppData\Roaming\Code\User\workspaceStorage\0768287e3c4817e1eb9a5923e08379d2\redhat.java\jdt_ws --pipe=\\.\pipe\lsp-eebc32db46318b08b1c9bd253433af68-sock

Host: Intel(R) Core(TM) Ultra 5 125H, 18 cores, 15G,  Windows 11 , 64 bit Build 26100 (10.0.26100.8246)
Time: Sun May 17 00:49:57 2026 India Standard Time elapsed time: 1482.734436 seconds (0d 0h 24m 42s)

---------------  T H R E A D  ---------------

Current thread (0x0000027c61499be0):  JavaThread "Attach Listener" daemon [_thread_in_vm, id=8232, stack(0x000000b0f3100000,0x000000b0f3200000) (1024K)]

Stack: [0x000000b0f3100000,0x000000b0f3200000]
Native frames: (J=compiled Java code, j=interpreted, Vv=VM code, C=native code)
V  [jvm.dll+0x6d7a39]
V  [jvm.dll+0x8b4b26]
V  [jvm.dll+0x8b70de]
V  [jvm.dll+0x8b77c3]
V  [jvm.dll+0x284346]
V  [jvm.dll+0xc1277]
V  [jvm.dll+0x6d82e9]
V  [jvm.dll+0x1334a6]
V  [jvm.dll+0x3f857e]
V  [jvm.dll+0x85f59d]
V  [jvm.dll+0x6d626d]
C  [ucrtbase.dll+0x37b0]
C  [KERNEL32.DLL+0x2e8d7]
C  [ntdll.dll+0x8c3fc]


---------------  P R O C E S S  ---------------

Threads class SMR info:
_java_thread_list=0x0000027c5387cdf0, length=45, elements={
0x0000027c613ee230, 0x0000027c61494400, 0x0000027c614963a0, 0x0000027c61498d30,
0x0000027c61499be0, 0x0000027c6149d960, 0x0000027c614a9da0, 0x0000027c7917fa60,
0x0000027c791813a0, 0x0000027c614aa430, 0x0000027c614ac500, 0x0000027c614acb90,
0x0000027c614abe70, 0x0000027c614ab7e0, 0x0000027c614aaac0, 0x0000027c614ad220,
0x0000027c614ab150, 0x0000027c416b2890, 0x0000027c416afaa0, 0x0000027c416b14e0,
0x0000027c416b07c0, 0x0000027c416b0130, 0x0000027c416b63a0, 0x0000027c416b3c40,
0x0000027c416b42d0, 0x0000027c416b6a30, 0x0000027c416b4960, 0x0000027c416b4ff0,
0x0000027c416b5680, 0x0000027c416b5d10, 0x0000027c42d62280, 0x0000027c42d63630,
0x0000027c42d62910, 0x0000027c42d60840, 0x0000027c42d64350, 0x0000027c42d60ed0,
0x0000027c42d63cc0, 0x0000027c42d649e0, 0x0000027c42d61560, 0x0000027c42d65070,
0x0000027c42d62fa0, 0x0000027c43efe7f0, 0x0000027c43efb370, 0x0000027c4f5c9de0,
0x0000027c4f5c7d10
}

Java Threads: ( => current thread )
  0x0000027c613ee230 JavaThread "main"                              [_thread_blocked, id=18368, stack(0x000000b0f2a00000,0x000000b0f2b00000) (1024K)]
  0x0000027c61494400 JavaThread "Reference Handler"          daemon [_thread_blocked, id=22484, stack(0x000000b0f2e00000,0x000000b0f2f00000) (1024K)]
  0x0000027c614963a0 JavaThread "Finalizer"                  daemon [_thread_blocked, id=6628, stack(0x000000b0f2f00000,0x000000b0f3000000) (1024K)]
  0x0000027c61498d30 JavaThread "Signal Dispatcher"          daemon [_thread_blocked, id=25748, stack(0x000000b0f3000000,0x000000b0f3100000) (1024K)]
=>0x0000027c61499be0 JavaThread "Attach Listener"            daemon [_thread_in_vm, id=8232, stack(0x000000b0f3100000,0x000000b0f3200000) (1024K)]
  0x0000027c6149d960 JavaThread "Service Thread"             daemon [_thread_blocked, id=12528, stack(0x000000b0f3200000,0x000000b0f3300000) (1024K)]
  0x0000027c614a9da0 JavaThread "Monitor Deflation Thread"   daemon [_thread_blocked, id=12264, stack(0x000000b0f3300000,0x000000b0f3400000) (1024K)]
  0x0000027c7917fa60 JavaThread "C2 CompilerThread0"         daemon [_thread_blocked, id=28836, stack(0x000000b0f3400000,0x000000b0f3500000) (1024K)]
  0x0000027c791813a0 JavaThread "C1 CompilerThread0"         daemon [_thread_blocked, id=28208, stack(0x000000b0f3500000,0x000000b0f3600000) (1024K)]
  0x0000027c614aa430 JavaThread "Common-Cleaner"             daemon [_thread_blocked, id=29880, stack(0x000000b0f3800000,0x000000b0f3900000) (1024K)]
  0x0000027c614ac500 JavaThread "Notification Thread"        daemon [_thread_blocked, id=28128, stack(0x000000b0f3b00000,0x000000b0f3c00000) (1024K)]
  0x0000027c614acb90 JavaThread "Active Thread: Equinox Container: 27da89a5-4d13-46b7-852c-3ecac04c9734"        [_thread_blocked, id=32180, stack(0x000000b0f4500000,0x000000b0f4600000) (1024K)]
  0x0000027c614abe70 JavaThread "Refresh Thread: Equinox Container: 27da89a5-4d13-46b7-852c-3ecac04c9734" daemon [_thread_blocked, id=10208, stack(0x000000b0f4400000,0x000000b0f4500000) (1024K)]
  0x0000027c614ab7e0 JavaThread "Framework Event Dispatcher: Equinox Container: 27da89a5-4d13-46b7-852c-3ecac04c9734" daemon [_thread_blocked, id=30200, stack(0x000000b0f4700000,0x000000b0f4800000) (1024K)]
  0x0000027c614aaac0 JavaThread "Start Level: Equinox Container: 27da89a5-4d13-46b7-852c-3ecac04c9734" daemon [_thread_blocked, id=30924, stack(0x000000b0f4800000,0x000000b0f4900000) (1024K)]
  0x0000027c614ad220 JavaThread "Bundle File Closer"         daemon [_thread_blocked, id=27088, stack(0x000000b0f4c00000,0x000000b0f4d00000) (1024K)]
  0x0000027c614ab150 JavaThread "SCR Component Actor"        daemon [_thread_blocked, id=28428, stack(0x000000b0f3700000,0x000000b0f3800000) (1024K)]
  0x0000027c416b2890 JavaThread "Worker-JM"                         [_thread_blocked, id=30140, stack(0x000000b0f4e00000,0x000000b0f4f00000) (1024K)]
  0x0000027c416afaa0 JavaThread "JNA Cleaner"                daemon [_thread_blocked, id=29784, stack(0x000000b0f5200000,0x000000b0f5300000) (1024K)]
  0x0000027c416b14e0 JavaThread "Worker-2"                          [_thread_blocked, id=26932, stack(0x000000b0f5500000,0x000000b0f5600000) (1024K)]
  0x0000027c416b07c0 JavaThread "Java indexing"              daemon [_thread_blocked, id=14596, stack(0x000000b0f5600000,0x000000b0f5700000) (1024K)]
  0x0000027c416b0130 JavaThread "Thread-1"                   daemon [_thread_in_native, id=32520, stack(0x000000b0f5d00000,0x000000b0f5e00000) (1024K)]
  0x0000027c416b63a0 JavaThread "Thread-2"                   daemon [_thread_in_native, id=32464, stack(0x000000b0f5e00000,0x000000b0f5f00000) (1024K)]
  0x0000027c416b3c40 JavaThread "Thread-3"                   daemon [_thread_in_native, id=540, stack(0x000000b0f5f00000,0x000000b0f6000000) (1024K)]
  0x0000027c416b42d0 JavaThread "Thread-4"                   daemon [_thread_in_native, id=24996, stack(0x000000b0f6000000,0x000000b0f6100000) (1024K)]
  0x0000027c416b6a30 JavaThread "Thread-5"                   daemon [_thread_in_native, id=29068, stack(0x000000b0f6100000,0x000000b0f6200000) (1024K)]
  0x0000027c416b4960 JavaThread "Thread-6"                   daemon [_thread_in_native, id=21360, stack(0x000000b0f6200000,0x000000b0f6300000) (1024K)]
  0x0000027c416b4ff0 JavaThread "Thread-7"                   daemon [_thread_in_native, id=10808, stack(0x000000b0f6300000,0x000000b0f6400000) (1024K)]
  0x0000027c416b5680 JavaThread "Thread-8"                   daemon [_thread_in_native, id=18864, stack(0x000000b0f6400000,0x000000b0f6500000) (1024K)]
  0x0000027c416b5d10 JavaThread "Thread-9"                   daemon [_thread_in_native, id=1548, stack(0x000000b0f6500000,0x000000b0f6600000) (1024K)]
  0x0000027c42d62280 JavaThread "Thread-10"                  daemon [_thread_in_native, id=29380, stack(0x000000b0f6600000,0x000000b0f6700000) (1024K)]
  0x0000027c42d63630 JavaThread "Thread-11"                  daemon [_thread_in_native, id=15596, stack(0x000000b0f6700000,0x000000b0f6800000) (1024K)]
  0x0000027c42d62910 JavaThread "Thread-12"                  daemon [_thread_in_native, id=7472, stack(0x000000b0f6800000,0x000000b0f6900000) (1024K)]
  0x0000027c42d60840 JavaThread "Thread-13"                  daemon [_thread_in_native, id=18984, stack(0x000000b0f6900000,0x000000b0f6a00000) (1024K)]
  0x0000027c42d64350 JavaThread "Thread-14"                  daemon [_thread_in_native, id=500, stack(0x000000b0f6a00000,0x000000b0f6b00000) (1024K)]
  0x0000027c42d60ed0 JavaThread "Thread-15"                  daemon [_thread_in_native, id=31188, stack(0x000000b0f6b00000,0x000000b0f6c00000) (1024K)]
  0x0000027c42d63cc0 JavaThread "Thread-16"                  daemon [_thread_in_native, id=31344, stack(0x000000b0f6c00000,0x000000b0f6d00000) (1024K)]
  0x0000027c42d649e0 JavaThread "Thread-17"                  daemon [_thread_in_native, id=14748, stack(0x000000b0f6d00000,0x000000b0f6e00000) (1024K)]
  0x0000027c42d61560 JavaThread "Thread-18"                  daemon [_thread_in_native, id=30376, stack(0x000000b0f6e00000,0x000000b0f6f00000) (1024K)]
  0x0000027c42d65070 JavaThread "Thread-19"                  daemon [_thread_in_native, id=30832, stack(0x000000b0f6f00000,0x000000b0f7000000) (1024K)]
  0x0000027c42d62fa0 JavaThread "pool-2-thread-1"                   [_thread_blocked, id=13500, stack(0x000000b0f7000000,0x000000b0f7100000) (1024K)]
  0x0000027c43efe7f0 JavaThread "WorkspaceEventsHandler"            [_thread_blocked, id=22588, stack(0x000000b0f8500000,0x000000b0f8600000) (1024K)]
  0x0000027c43efb370 JavaThread "pool-1-thread-1"                   [_thread_blocked, id=13628, stack(0x000000b0f8600000,0x000000b0f8700000) (1024K)]
  0x0000027c4f5c9de0 JavaThread "Cleaner-0"                  daemon [_thread_blocked, id=5880, stack(0x000000b0f5700000,0x000000b0f5800000) (1024K)]
  0x0000027c4f5c7d10 JavaThread "Worker-7"                          [_thread_blocked, id=6632, stack(0x000000b0f2800000,0x000000b0f2900000) (1024K)]
Total: 45

Other Threads:
  0x0000027c79175c20 VMThread "VM Thread"                           [id=8920, stack(0x000000b0f2d00000,0x000000b0f2e00000) (1024K)]
  0x0000027c6145cb10 WatcherThread "VM Periodic Task Thread"        [id=21508, stack(0x000000b0f2c00000,0x000000b0f2d00000) (1024K)]
  0x0000027c6140b8f0 WorkerThread "GC Thread#0"                     [id=30108, stack(0x000000b0f2b00000,0x000000b0f2c00000) (1024K)]
  0x0000027c7f5ef120 WorkerThread "GC Thread#1"                     [id=19984, stack(0x000000b0f3e00000,0x000000b0f3f00000) (1024K)]
  0x0000027c7f627da0 WorkerThread "GC Thread#2"                     [id=19424, stack(0x000000b0f3f00000,0x000000b0f4000000) (1024K)]
  0x0000027c7f5ef4d0 WorkerThread "GC Thread#3"                     [id=24252, stack(0x000000b0f4000000,0x000000b0f4100000) (1024K)]
  0x0000027c7f5ef880 WorkerThread "GC Thread#4"                     [id=9968, stack(0x000000b0f4100000,0x000000b0f4200000) (1024K)]
  0x0000027c41034950 WorkerThread "GC Thread#5"                     [id=31200, stack(0x000000b0f4200000,0x000000b0f4300000) (1024K)]
  0x0000027c41034d00 WorkerThread "GC Thread#6"                     [id=25156, stack(0x000000b0f4300000,0x000000b0f4400000) (1024K)]
  0x0000027c41109180 WorkerThread "GC Thread#7"                     [id=30204, stack(0x000000b0f4600000,0x000000b0f4700000) (1024K)]
  0x0000027c414137d0 WorkerThread "GC Thread#8"                     [id=7256, stack(0x000000b0f4900000,0x000000b0f4a00000) (1024K)]
  0x0000027c413e8210 WorkerThread "GC Thread#9"                     [id=4152, stack(0x000000b0f4a00000,0x000000b0f4b00000) (1024K)]
  0x0000027c413e85c0 WorkerThread "GC Thread#10"                    [id=19200, stack(0x000000b0f4b00000,0x000000b0f4c00000) (1024K)]
  0x0000027c4198b910 WorkerThread "GC Thread#11"                    [id=32060, stack(0x000000b0f4f00000,0x000000b0f5000000) (1024K)]
  0x0000027c4198c070 WorkerThread "GC Thread#12"                    [id=28560, stack(0x000000b0f5000000,0x000000b0f5100000) (1024K)]
  0x0000027c4198aa50 WorkerThread "GC Thread#13"                    [id=32716, stack(0x000000b0f5100000,0x000000b0f5200000) (1024K)]
Total: 16

Threads with active compile tasks:
Total: 0

VM state: not at safepoint (normal execution)

VM Mutex/Monitor currently owned by a thread: None

Heap address: 0x0000000080000000, size: 2048 MB, Compressed Oops mode: 32-bit

CDS archive(s) mapped at: [0x0000027c00000000-0x0000027c00ba0000-0x0000027c00ba0000), size 12189696, SharedBaseAddress: 0x0000027c00000000, ArchiveRelocationMode: 1.
Compressed class space mapped at: 0x0000027c01000000-0x0000027c41000000, reserved size: 1073741824
Narrow klass base: 0x0000027c00000000, Narrow klass shift: 0, Narrow klass range: 0x100000000

GC Precious Log:
 CardTable entry size: 512
 CPUs: 18 total, 18 available
 Memory: 15805M
 Large Page Support: Disabled
 NUMA Support: Disabled
 Compressed Oops: Enabled (32-bit)
 Alignments: Space 512K, Generation 512K, Heap 2M
 Heap Min Capacity: 100M
 Heap Initial Capacity: 100M
 Heap Max Capacity: 2G
 Pre-touch: Disabled
 Parallel Workers: 14

Heap:
 PSYoungGen      total 8192K, used 8153K [0x00000000d5580000, 0x00000000d6400000, 0x0000000100000000)
  eden space 7680K, 99% used [0x00000000d5580000,0x00000000d5cf6a50,0x00000000d5d00000)
  from space 512K, 99% used [0x00000000d6380000,0x00000000d63ffc48,0x00000000d6400000)
  to   space 1024K, 0% used [0x00000000d6200000,0x00000000d6200000,0x00000000d6300000)
 ParOldGen       total 216576K, used 216444K [0x0000000080000000, 0x000000008d380000, 0x00000000d5580000)
  object space 216576K, 99% used [0x0000000080000000,0x000000008d35f060,0x000000008d380000)
 Metaspace       used 76920K, committed 78656K, reserved 1179648K
  class space    used 7959K, committed 8704K, reserved 1048576K

Card table byte_map: [0x0000027c60d90000,0x0000027c611a0000] _byte_map_base: 0x0000027c60990000

Marking Bits: (ParMarkBitMap*) 0x00007ff9c3523450
 Begin Bits: [0x0000027c738a0000, 0x0000027c758a0000)
 End Bits:   [0x0000027c758a0000, 0x0000027c778a0000)

Polling page: 0x0000027c5f150000

Metaspace:

Usage:
  Non-class:     67.34 MB used.
      Class:      7.77 MB used.
       Both:     75.12 MB used.

Virtual space:
  Non-class space:      128.00 MB reserved,      68.31 MB ( 53%) committed,  2 nodes.
      Class space:        1.00 GB reserved,       8.50 MB ( <1%) committed,  1 nodes.
             Both:        1.12 GB reserved,      76.81 MB (  7%) committed. 

Chunk freelists:
   Non-Class:  11.61 MB
       Class:  7.38 MB
        Both:  18.99 MB

MaxMetaspaceSize: unlimited
CompressedClassSpaceSize: 1.00 GB
Initial GC threshold: 21.00 MB
Current GC threshold: 97.31 MB
CDS: on
 - commit_granule_bytes: 65536.
 - commit_granule_words: 8192.
 - virtual_space_node_default_size: 8388608.
 - enlarge_chunks_in_place: 1.
 - use_allocation_guard: 0.


Internal statistics:

num_allocs_failed_limit: 15.
num_arena_births: 1432.
num_arena_deaths: 14.
num_vsnodes_births: 3.
num_vsnodes_deaths: 0.
num_space_committed: 1229.
num_space_uncommitted: 0.
num_chunks_returned_to_freelist: 29.
num_chunks_taken_from_freelist: 5214.
num_chunk_merges: 15.
num_chunk_splits: 3164.
num_chunks_enlarged: 1718.
num_inconsistent_stats: 0.

CodeHeap 'non-profiled nmethods': size=119168Kb used=12612Kb max_used=12612Kb free=106555Kb
 bounds [0x0000027c6c190000, 0x0000027c6cdf0000, 0x0000027c735f0000]
CodeHeap 'profiled nmethods': size=119104Kb used=36643Kb max_used=36643Kb free=82461Kb
 bounds [0x0000027c645f0000, 0x0000027c669c0000, 0x0000027c6ba40000]
CodeHeap 'non-nmethods': size=7488Kb used=1469Kb max_used=3263Kb free=6018Kb
 bounds [0x0000027c6ba40000, 0x0000027c6bd80000, 0x0000027c6c190000]
CodeCache: size=245760Kb, used=50724Kb, max_used=52518Kb, free=195034Kb
 total_blobs=15538, nmethods=14755, adapters=687, full_count=0
Compilation: enabled, stopped_count=0, restarted_count=0

Compilation events (20 events):
Event: 1081.984 Thread 0x0000027c791813a0 15584   !   3       java.util.concurrent.ScheduledThreadPoolExecutor$DelayedWorkQueue::take (203 bytes)
Event: 1081.985 Thread 0x0000027c791813a0 nmethod 15584 0x0000027c669aeb90 code [0x0000027c669aef60, 0x0000027c669b0800]
Event: 1087.345 Thread 0x0000027c791813a0 15585       3       java.util.concurrent.locks.AbstractQueuedSynchronizer$ConditionObject::unlinkCancelledWaiters (91 bytes)
Event: 1087.345 Thread 0x0000027c791813a0 nmethod 15585 0x0000027c669b1310 code [0x0000027c669b14c0, 0x0000027c669b1850]
Event: 1088.007 Thread 0x0000027c791813a0 15586       3       java.util.concurrent.ScheduledThreadPoolExecutor::triggerTime (22 bytes)
Event: 1088.007 Thread 0x0000027c791813a0 nmethod 15586 0x0000027c669b1990 code [0x0000027c669b1b40, 0x0000027c669b1d20]
Event: 1088.007 Thread 0x0000027c791813a0 15587       3       java.util.concurrent.ScheduledThreadPoolExecutor$DelayedWorkQueue::add (9 bytes)
Event: 1088.008 Thread 0x0000027c791813a0 nmethod 15587 0x0000027c669b1e10 code [0x0000027c669b1fe0, 0x0000027c669b22b8]
Event: 1088.008 Thread 0x0000027c791813a0 15588       3       java.util.concurrent.ScheduledThreadPoolExecutor$DelayedWorkQueue::add (6 bytes)
Event: 1088.008 Thread 0x0000027c791813a0 nmethod 15588 0x0000027c669b2390 code [0x0000027c669b2540, 0x0000027c669b2698]
Event: 1088.008 Thread 0x0000027c791813a0 15589   !   3       java.util.concurrent.ScheduledThreadPoolExecutor$DelayedWorkQueue::offer (123 bytes)
Event: 1088.009 Thread 0x0000027c791813a0 nmethod 15589 0x0000027c669b2790 code [0x0000027c669b2aa0, 0x0000027c669b3e40]
Event: 1088.009 Thread 0x0000027c791813a0 15590       3       java.util.concurrent.ThreadPoolExecutor::ensurePrestart (41 bytes)
Event: 1088.009 Thread 0x0000027c791813a0 nmethod 15590 0x0000027c669b4690 code [0x0000027c669b4860, 0x0000027c669b4b10]
Event: 1111.994 Thread 0x0000027c791813a0 15591       3       java.util.concurrent.ScheduledThreadPoolExecutor$ScheduledFutureTask::run (57 bytes)
Event: 1111.995 Thread 0x0000027c791813a0 nmethod 15591 0x0000027c669b4c10 code [0x0000027c669b4e40, 0x0000027c669b53b0]
Event: 1205.401 Thread 0x0000027c791813a0 15592   !   3       org.eclipse.core.internal.jobs.JobManager::changeState (511 bytes)
Event: 1205.402 Thread 0x0000027c791813a0 nmethod 15592 0x0000027c669b5590 code [0x0000027c669b5a20, 0x0000027c669b7aa0]
Event: 1288.167 Thread 0x0000027c791813a0 15593       1       org.eclipse.jdt.ls.core.internal.LanguageServerApplication::getParentProcessId (5 bytes)
Event: 1288.167 Thread 0x0000027c791813a0 nmethod 15593 0x0000027c6cde0e10 code [0x0000027c6cde0fa0, 0x0000027c6cde1068]

GC Heap History (20 events):
Event: 125.756 GC heap before
{Heap before GC invocations=126 (full 3):
 PSYoungGen      total 9216K, used 7889K [0x00000000d5580000, 0x00000000d6080000, 0x0000000100000000)
  eden space 8192K, 88% used [0x00000000d5580000,0x00000000d5c94790,0x00000000d5d80000)
  from space 1024K, 62% used [0x00000000d5f80000,0x00000000d6020000,0x00000000d6080000)
  to   space 1024K, 0% used [0x00000000d5e80000,0x00000000d5e80000,0x00000000d5f80000)
 ParOldGen       total 203776K, used 203658K [0x0000000080000000, 0x000000008c700000, 0x00000000d5580000)
  object space 203776K, 99% used [0x0000000080000000,0x000000008c6e28c8,0x000000008c700000)
 Metaspace       used 71892K, committed 73536K, reserved 1179648K
  class space    used 7336K, committed 8064K, reserved 1048576K
}
Event: 125.758 GC heap after
{Heap after GC invocations=126 (full 3):
 PSYoungGen      total 9216K, used 1023K [0x00000000d5580000, 0x00000000d6380000, 0x0000000100000000)
  eden space 8192K, 0% used [0x00000000d5580000,0x00000000d5580000,0x00000000d5d80000)
  from space 1024K, 99% used [0x00000000d5e80000,0x00000000d5f7fe88,0x00000000d5f80000)
  to   space 3072K, 0% used [0x00000000d6080000,0x00000000d6080000,0x00000000d6380000)
 ParOldGen       total 205312K, used 205029K [0x0000000080000000, 0x000000008c880000, 0x00000000d5580000)
  object space 205312K, 99% used [0x0000000080000000,0x000000008c839670,0x000000008c880000)
 Metaspace       used 71892K, committed 73536K, reserved 1179648K
  class space    used 7336K, committed 8064K, reserved 1048576K
}
Event: 125.919 GC heap before
{Heap before GC invocations=127 (full 3):
 PSYoungGen      total 9216K, used 9215K [0x00000000d5580000, 0x00000000d6380000, 0x0000000100000000)
  eden space 8192K, 100% used [0x00000000d5580000,0x00000000d5d80000,0x00000000d5d80000)
  from space 1024K, 99% used [0x00000000d5e80000,0x00000000d5f7fe88,0x00000000d5f80000)
  to   space 3072K, 0% used [0x00000000d6080000,0x00000000d6080000,0x00000000d6380000)
 ParOldGen       total 205312K, used 205029K [0x0000000080000000, 0x000000008c880000, 0x00000000d5580000)
  object space 205312K, 99% used [0x0000000080000000,0x000000008c839670,0x000000008c880000)
 Metaspace       used 72120K, committed 73664K, reserved 1179648K
  class space    used 7379K, committed 8064K, reserved 1048576K
}
Event: 125.921 GC heap after
{Heap after GC invocations=127 (full 3):
 PSYoungGen      total 9216K, used 732K [0x00000000d5580000, 0x00000000d6180000, 0x0000000100000000)
  eden space 8192K, 0% used [0x00000000d5580000,0x00000000d5580000,0x00000000d5d80000)
  from space 1024K, 71% used [0x00000000d6080000,0x00000000d61371d0,0x00000000d6180000)
  to   space 1536K, 0% used [0x00000000d5e80000,0x00000000d5e80000,0x00000000d6000000)
 ParOldGen       total 206336K, used 206046K [0x0000000080000000, 0x000000008c980000, 0x00000000d5580000)
  object space 206336K, 99% used [0x0000000080000000,0x000000008c9378e0,0x000000008c980000)
 Metaspace       used 72120K, committed 73664K, reserved 1179648K
  class space    used 7379K, committed 8064K, reserved 1048576K
}
Event: 126.007 GC heap before
{Heap before GC invocations=128 (full 3):
 PSYoungGen      total 9216K, used 8879K [0x00000000d5580000, 0x00000000d6180000, 0x0000000100000000)
  eden space 8192K, 99% used [0x00000000d5580000,0x00000000d5d74b28,0x00000000d5d80000)
  from space 1024K, 71% used [0x00000000d6080000,0x00000000d61371d0,0x00000000d6180000)
  to   space 1536K, 0% used [0x00000000d5e80000,0x00000000d5e80000,0x00000000d6000000)
 ParOldGen       total 206336K, used 206046K [0x0000000080000000, 0x000000008c980000, 0x00000000d5580000)
  object space 206336K, 99% used [0x0000000080000000,0x000000008c9378e0,0x000000008c980000)
 Metaspace       used 72490K, committed 74112K, reserved 1179648K
  class space    used 7415K, committed 8128K, reserved 1048576K
}
Event: 126.008 GC heap after
{Heap after GC invocations=128 (full 3):
 PSYoungGen      total 9728K, used 722K [0x00000000d5580000, 0x00000000d6100000, 0x0000000100000000)
  eden space 8192K, 0% used [0x00000000d5580000,0x00000000d5580000,0x00000000d5d80000)
  from space 1536K, 47% used [0x00000000d5e80000,0x00000000d5f34810,0x00000000d6000000)
  to   space 1024K, 0% used [0x00000000d6000000,0x00000000d6000000,0x00000000d6100000)
 ParOldGen       total 206848K, used 206583K [0x0000000080000000, 0x000000008ca00000, 0x00000000d5580000)
  object space 206848K, 99% used [0x0000000080000000,0x000000008c9bdcb0,0x000000008ca00000)
 Metaspace       used 72490K, committed 74112K, reserved 1179648K
  class space    used 7415K, committed 8128K, reserved 1048576K
}
Event: 126.083 GC heap before
{Heap before GC invocations=129 (full 3):
 PSYoungGen      total 9728K, used 8663K [0x00000000d5580000, 0x00000000d6100000, 0x0000000100000000)
  eden space 8192K, 96% used [0x00000000d5580000,0x00000000d5d41558,0x00000000d5d80000)
  from space 1536K, 47% used [0x00000000d5e80000,0x00000000d5f34810,0x00000000d6000000)
  to   space 1024K, 0% used [0x00000000d6000000,0x00000000d6000000,0x00000000d6100000)
 ParOldGen       total 206848K, used 206583K [0x0000000080000000, 0x000000008ca00000, 0x00000000d5580000)
  object space 206848K, 99% used [0x0000000080000000,0x000000008c9bdcb0,0x000000008ca00000)
 Metaspace       used 73017K, committed 74624K, reserved 1179648K
  class space    used 7466K, committed 8192K, reserved 1048576K
}
Event: 126.085 GC heap after
{Heap after GC invocations=129 (full 3):
 PSYoungGen      total 8704K, used 1007K [0x00000000d5580000, 0x00000000d6380000, 0x0000000100000000)
  eden space 7680K, 0% used [0x00000000d5580000,0x00000000d5580000,0x00000000d5d00000)
  from space 1024K, 98% used [0x00000000d6000000,0x00000000d60fbc88,0x00000000d6100000)
  to   space 3072K, 0% used [0x00000000d5d00000,0x00000000d5d00000,0x00000000d6000000)
 ParOldGen       total 208384K, used 208146K [0x0000000080000000, 0x000000008cb80000, 0x00000000d5580000)
  object space 208384K, 99% used [0x0000000080000000,0x000000008cb44840,0x000000008cb80000)
 Metaspace       used 73017K, committed 74624K, reserved 1179648K
  class space    used 7466K, committed 8192K, reserved 1048576K
}
Event: 126.112 GC heap before
{Heap before GC invocations=130 (full 3):
 PSYoungGen      total 8704K, used 8678K [0x00000000d5580000, 0x00000000d6380000, 0x0000000100000000)
  eden space 7680K, 99% used [0x00000000d5580000,0x00000000d5cfdc60,0x00000000d5d00000)
  from space 1024K, 98% used [0x00000000d6000000,0x00000000d60fbc88,0x00000000d6100000)
  to   space 3072K, 0% used [0x00000000d5d00000,0x00000000d5d00000,0x00000000d6000000)
 ParOldGen       total 208384K, used 208146K [0x0000000080000000, 0x000000008cb80000, 0x00000000d5580000)
  object space 208384K, 99% used [0x0000000080000000,0x000000008cb44840,0x000000008cb80000)
 Metaspace       used 73129K, committed 74752K, reserved 1179648K
  class space    used 7487K, committed 8192K, reserved 1048576K
}
Event: 126.114 GC heap after
{Heap after GC invocations=130 (full 3):
 PSYoungGen      total 10752K, used 3068K [0x00000000d5580000, 0x00000000d6c00000, 0x0000000100000000)
  eden space 7680K, 0% used [0x00000000d5580000,0x00000000d5580000,0x00000000d5d00000)
  from space 3072K, 99% used [0x00000000d5d00000,0x00000000d5fff278,0x00000000d6000000)
  to   space 7680K, 0% used [0x00000000d6480000,0x00000000d6480000,0x00000000d6c00000)
 ParOldGen       total 211968K, used 211703K [0x0000000080000000, 0x000000008cf00000, 0x00000000d5580000)
  object space 211968K, 99% used [0x0000000080000000,0x000000008cebdc30,0x000000008cf00000)
 Metaspace       used 73129K, committed 74752K, reserved 1179648K
  class space    used 7487K, committed 8192K, reserved 1048576K
}
Event: 126.160 GC heap before
{Heap before GC invocations=131 (full 3):
 PSYoungGen      total 10752K, used 10748K [0x00000000d5580000, 0x00000000d6c00000, 0x0000000100000000)
  eden space 7680K, 100% used [0x00000000d5580000,0x00000000d5d00000,0x00000000d5d00000)
  from space 3072K, 99% used [0x00000000d5d00000,0x00000000d5fff278,0x00000000d6000000)
  to   space 7680K, 0% used [0x00000000d6480000,0x00000000d6480000,0x00000000d6c00000)
 ParOldGen       total 211968K, used 211703K [0x0000000080000000, 0x000000008cf00000, 0x00000000d5580000)
  object space 211968K, 99% used [0x0000000080000000,0x000000008cebdc30,0x000000008cf00000)
 Metaspace       used 73433K, committed 75072K, reserved 1179648K
  class space    used 7524K, committed 8256K, reserved 1048576K
}
Event: 126.162 GC heap after
{Heap after GC invocations=131 (full 3):
 PSYoungGen      total 8704K, used 763K [0x00000000d5580000, 0x00000000d6580000, 0x0000000100000000)
  eden space 7680K, 0% used [0x00000000d5580000,0x00000000d5580000,0x00000000d5d00000)
  from space 1024K, 74% used [0x00000000d6480000,0x00000000d653ed80,0x00000000d6580000)
  to   space 3072K, 0% used [0x00000000d5f80000,0x00000000d5f80000,0x00000000d6280000)
 ParOldGen       total 215552K, used 214813K [0x0000000080000000, 0x000000008d280000, 0x00000000d5580000)
  object space 215552K, 99% used [0x0000000080000000,0x000000008d1c7720,0x000000008d280000)
 Metaspace       used 73433K, committed 75072K, reserved 1179648K
  class space    used 7524K, committed 8256K, reserved 1048576K
}
Event: 126.265 GC heap before
{Heap before GC invocations=132 (full 3):
 PSYoungGen      total 8704K, used 8443K [0x00000000d5580000, 0x00000000d6580000, 0x0000000100000000)
  eden space 7680K, 100% used [0x00000000d5580000,0x00000000d5d00000,0x00000000d5d00000)
  from space 1024K, 74% used [0x00000000d6480000,0x00000000d653ed80,0x00000000d6580000)
  to   space 3072K, 0% used [0x00000000d5f80000,0x00000000d5f80000,0x00000000d6280000)
 ParOldGen       total 215552K, used 214813K [0x0000000080000000, 0x000000008d280000, 0x00000000d5580000)
  object space 215552K, 99% used [0x0000000080000000,0x000000008d1c7720,0x000000008d280000)
 Metaspace       used 73774K, committed 75328K, reserved 1179648K
  class space    used 7553K, committed 8256K, reserved 1048576K
}
Event: 126.267 GC heap after
{Heap after GC invocations=132 (full 3):
 PSYoungGen      total 10752K, used 1056K [0x00000000d5580000, 0x00000000d6500000, 0x0000000100000000)
  eden space 7680K, 0% used [0x00000000d5580000,0x00000000d5580000,0x00000000d5d00000)
  from space 3072K, 34% used [0x00000000d5f80000,0x00000000d6088000,0x00000000d6280000)
  to   space 1536K, 0% used [0x00000000d6380000,0x00000000d6380000,0x00000000d6500000)
 ParOldGen       total 215552K, used 215205K [0x0000000080000000, 0x000000008d280000, 0x00000000d5580000)
  object space 215552K, 99% used [0x0000000080000000,0x000000008d229720,0x000000008d280000)
 Metaspace       used 73774K, committed 75328K, reserved 1179648K
  class space    used 7553K, committed 8256K, reserved 1048576K
}
Event: 126.387 GC heap before
{Heap before GC invocations=133 (full 3):
 PSYoungGen      total 10752K, used 8736K [0x00000000d5580000, 0x00000000d6500000, 0x0000000100000000)
  eden space 7680K, 100% used [0x00000000d5580000,0x00000000d5d00000,0x00000000d5d00000)
  from space 3072K, 34% used [0x00000000d5f80000,0x00000000d6088000,0x00000000d6280000)
  to   space 1536K, 0% used [0x00000000d6380000,0x00000000d6380000,0x00000000d6500000)
 ParOldGen       total 215552K, used 215205K [0x0000000080000000, 0x000000008d280000, 0x00000000d5580000)
  object space 215552K, 99% used [0x0000000080000000,0x000000008d229720,0x000000008d280000)
 Metaspace       used 73951K, committed 75584K, reserved 1179648K
  class space    used 7580K, committed 8320K, reserved 1048576K
}
Event: 126.389 GC heap after
{Heap after GC invocations=133 (full 3):
 PSYoungGen      total 8704K, used 538K [0x00000000d5580000, 0x00000000d6480000, 0x0000000100000000)
  eden space 7680K, 0% used [0x00000000d5580000,0x00000000d5580000,0x00000000d5d00000)
  from space 1024K, 52% used [0x00000000d6380000,0x00000000d64068a0,0x00000000d6480000)
  to   space 1024K, 0% used [0x00000000d6280000,0x00000000d6280000,0x00000000d6380000)
 ParOldGen       total 216064K, used 216053K [0x0000000080000000, 0x000000008d300000, 0x00000000d5580000)
  object space 216064K, 99% used [0x0000000080000000,0x000000008d2fd720,0x000000008d300000)
 Metaspace       used 73951K, committed 75584K, reserved 1179648K
  class space    used 7580K, committed 8320K, reserved 1048576K
}
Event: 126.515 GC heap before
{Heap before GC invocations=134 (full 3):
 PSYoungGen      total 8704K, used 8218K [0x00000000d5580000, 0x00000000d6480000, 0x0000000100000000)
  eden space 7680K, 100% used [0x00000000d5580000,0x00000000d5d00000,0x00000000d5d00000)
  from space 1024K, 52% used [0x00000000d6380000,0x00000000d64068a0,0x00000000d6480000)
  to   space 1024K, 0% used [0x00000000d6280000,0x00000000d6280000,0x00000000d6380000)
 ParOldGen       total 216064K, used 216053K [0x0000000080000000, 0x000000008d300000, 0x00000000d5580000)
  object space 216064K, 99% used [0x0000000080000000,0x000000008d2fd720,0x000000008d300000)
 Metaspace       used 74265K, committed 75904K, reserved 1179648K
  class space    used 7605K, committed 8320K, reserved 1048576K
}
Event: 126.516 GC heap after
{Heap after GC invocations=134 (full 3):
 PSYoungGen      total 8704K, used 416K [0x00000000d5580000, 0x00000000d6400000, 0x0000000100000000)
  eden space 7680K, 0% used [0x00000000d5580000,0x00000000d5580000,0x00000000d5d00000)
  from space 1024K, 40% used [0x00000000d6280000,0x00000000d62e8000,0x00000000d6380000)
  to   space 512K, 0% used [0x00000000d6380000,0x00000000d6380000,0x00000000d6400000)
 ParOldGen       total 216576K, used 216242K [0x0000000080000000, 0x000000008d380000, 0x00000000d5580000)
  object space 216576K, 99% used [0x0000000080000000,0x000000008d32ca18,0x000000008d380000)
 Metaspace       used 74265K, committed 75904K, reserved 1179648K
  class space    used 7605K, committed 8320K, reserved 1048576K
}
Event: 126.705 GC heap before
{Heap before GC invocations=135 (full 3):
 PSYoungGen      total 8704K, used 8096K [0x00000000d5580000, 0x00000000d6400000, 0x0000000100000000)
  eden space 7680K, 100% used [0x00000000d5580000,0x00000000d5d00000,0x00000000d5d00000)
  from space 1024K, 40% used [0x00000000d6280000,0x00000000d62e8000,0x00000000d6380000)
  to   space 512K, 0% used [0x00000000d6380000,0x00000000d6380000,0x00000000d6400000)
 ParOldGen       total 216576K, used 216242K [0x0000000080000000, 0x000000008d380000, 0x00000000d5580000)
  object space 216576K, 99% used [0x0000000080000000,0x000000008d32ca30,0x000000008d380000)
 Metaspace       used 75478K, committed 77120K, reserved 1179648K
  class space    used 7775K, committed 8512K, reserved 1048576K
}
Event: 126.706 GC heap after
{Heap after GC invocations=135 (full 3):
 PSYoungGen      total 8192K, used 511K [0x00000000d5580000, 0x00000000d6400000, 0x0000000100000000)
  eden space 7680K, 0% used [0x00000000d5580000,0x00000000d5580000,0x00000000d5d00000)
  from space 512K, 99% used [0x00000000d6380000,0x00000000d63ffc48,0x00000000d6400000)
  to   space 1024K, 0% used [0x00000000d6200000,0x00000000d6200000,0x00000000d6300000)
 ParOldGen       total 216576K, used 216444K [0x0000000080000000, 0x000000008d380000, 0x00000000d5580000)
  object space 216576K, 99% used [0x0000000080000000,0x000000008d35f060,0x000000008d380000)
 Metaspace       used 75478K, committed 77120K, reserved 1179648K
  class space    used 7775K, committed 8512K, reserved 1048576K
}

Dll operation events (10 events):
Event: 0.013 Loaded shared library c:\Users\Lenovo\.vscode\extensions\redhat.java-1.54.0-win32-x64\jre\21.0.10-win32-x86_64\bin\java.dll
Event: 0.101 Loaded shared library c:\Users\Lenovo\.vscode\extensions\redhat.java-1.54.0-win32-x64\jre\21.0.10-win32-x86_64\bin\zip.dll
Event: 0.133 Loaded shared library C:\Users\Lenovo\.vscode\extensions\redhat.java-1.54.0-win32-x64\jre\21.0.10-win32-x86_64\bin\instrument.dll
Event: 0.141 Loaded shared library C:\Users\Lenovo\.vscode\extensions\redhat.java-1.54.0-win32-x64\jre\21.0.10-win32-x86_64\bin\net.dll
Event: 0.144 Loaded shared library C:\Users\Lenovo\.vscode\extensions\redhat.java-1.54.0-win32-x64\jre\21.0.10-win32-x86_64\bin\nio.dll
Event: 0.148 Loaded shared library C:\Users\Lenovo\.vscode\extensions\redhat.java-1.54.0-win32-x64\jre\21.0.10-win32-x86_64\bin\zip.dll
Event: 0.172 Loaded shared library C:\Users\Lenovo\.vscode\extensions\redhat.java-1.54.0-win32-x64\jre\21.0.10-win32-x86_64\bin\jimage.dll
Event: 0.272 Loaded shared library c:\Users\Lenovo\.vscode\extensions\redhat.java-1.54.0-win32-x64\jre\21.0.10-win32-x86_64\bin\verify.dll
Event: 1.779 Loaded shared library C:\Users\Lenovo\AppData\Roaming\Code\User\globalStorage\redhat.java\1.54.0\config_win\org.eclipse.equinox.launcher\org.eclipse.equinox.launcher.win32.win32.x86_64_1.3.0.v20260203-2149\eclipse_11919.dll
Event: 5.309 Loaded shared library C:\Users\Lenovo\AppData\Local\Temp\jna--2022488749\jna4532982336316736882.dll

Deoptimization events (20 events):
Event: 306.050 Thread 0x0000027c416b14e0 Uncommon trap: trap_request=0xffffffde fr.pc=0x0000027c6cdd58c4 relative=0x0000000000000ae4
Event: 306.050 Thread 0x0000027c416b14e0 Uncommon trap: reason=class_check action=maybe_recompile pc=0x0000027c6cdd58c4 method=java.io.DataOutputStream.write([BII)V @ 7 c2
Event: 306.050 Thread 0x0000027c416b14e0 DEOPT PACKING pc=0x0000027c6cdd58c4 sp=0x000000b0f55fe9d0
Event: 306.050 Thread 0x0000027c416b14e0 DEOPT UNPACKING pc=0x0000027c6ba93aa2 sp=0x000000b0f55fe900 mode 2
Event: 306.050 Thread 0x0000027c416b14e0 Uncommon trap: trap_request=0xffffffde fr.pc=0x0000027c6cdd58c4 relative=0x0000000000000ae4
Event: 306.050 Thread 0x0000027c416b14e0 Uncommon trap: reason=class_check action=maybe_recompile pc=0x0000027c6cdd58c4 method=java.io.DataOutputStream.write([BII)V @ 7 c2
Event: 306.050 Thread 0x0000027c416b14e0 DEOPT PACKING pc=0x0000027c6cdd58c4 sp=0x000000b0f55fe920
Event: 306.050 Thread 0x0000027c416b14e0 DEOPT UNPACKING pc=0x0000027c6ba93aa2 sp=0x000000b0f55fe850 mode 2
Event: 306.050 Thread 0x0000027c416b14e0 Uncommon trap: trap_request=0xffffffde fr.pc=0x0000027c6cc4e1f4 relative=0x00000000000003b4
Event: 306.050 Thread 0x0000027c416b14e0 Uncommon trap: reason=class_check action=maybe_recompile pc=0x0000027c6cc4e1f4 method=java.io.DataOutputStream.writeInt(I)V @ 19 c2
Event: 306.050 Thread 0x0000027c416b14e0 DEOPT PACKING pc=0x0000027c6cc4e1f4 sp=0x000000b0f55fe8a0
Event: 306.050 Thread 0x0000027c416b14e0 DEOPT UNPACKING pc=0x0000027c6ba93aa2 sp=0x000000b0f55fe848 mode 2
Event: 306.087 Thread 0x0000027c416b14e0 Uncommon trap: trap_request=0xffffffc6 fr.pc=0x0000027c6cd42df4 relative=0x0000000000002dd4
Event: 306.087 Thread 0x0000027c416b14e0 Uncommon trap: reason=bimorphic_or_optimized_type_check action=maybe_recompile pc=0x0000027c6cd42df4 method=java.util.Properties.load0(Ljava/util/Properties$LineReader;)V @ 241 c2
Event: 306.087 Thread 0x0000027c416b14e0 DEOPT PACKING pc=0x0000027c6cd42df4 sp=0x000000b0f55feb00
Event: 306.087 Thread 0x0000027c416b14e0 DEOPT UNPACKING pc=0x0000027c6ba93aa2 sp=0x000000b0f55feb10 mode 2
Event: 306.087 Thread 0x0000027c416b14e0 Uncommon trap: trap_request=0xffffffc6 fr.pc=0x0000027c6cb33578 relative=0x00000000000047d8
Event: 306.087 Thread 0x0000027c416b14e0 Uncommon trap: reason=bimorphic_or_optimized_type_check action=maybe_recompile pc=0x0000027c6cb33578 method=java.util.Properties.load0(Ljava/util/Properties$LineReader;)V @ 241 c2
Event: 306.087 Thread 0x0000027c416b14e0 DEOPT PACKING pc=0x0000027c6cb33578 sp=0x000000b0f55feaf0
Event: 306.087 Thread 0x0000027c416b14e0 DEOPT UNPACKING pc=0x0000027c6ba93aa2 sp=0x000000b0f55feb10 mode 2

Classes loaded (20 events):
Event: 126.521 Loading class java/util/function/IntPredicate
Event: 126.522 Loading class java/util/function/IntPredicate done
Event: 126.578 Loading class java/util/regex/Pattern$Bound
Event: 126.578 Loading class java/util/regex/Pattern$Bound done
Event: 305.996 Loading class java/util/stream/Nodes$CollectorTask$OfRef
Event: 305.996 Loading class java/util/stream/Nodes$CollectorTask
Event: 305.996 Loading class java/util/stream/Nodes$CollectorTask done
Event: 305.996 Loading class java/util/stream/Nodes$CollectorTask$OfRef done
Event: 305.999 Loading class java/util/function/LongFunction
Event: 305.999 Loading class java/util/function/LongFunction done
Event: 306.000 Loading class java/util/stream/Nodes$ConcNode
Event: 306.000 Loading class java/util/stream/Nodes$AbstractConcNode
Event: 306.000 Loading class java/util/stream/Nodes$AbstractConcNode done
Event: 306.000 Loading class java/util/stream/Nodes$ConcNode done
Event: 306.028 Loading class java/io/ObjectOutputStream$BlockDataOutputStream
Event: 306.028 Loading class java/io/ObjectOutputStream$BlockDataOutputStream done
Event: 306.028 Loading class java/io/ObjectOutputStream$HandleTable
Event: 306.028 Loading class java/io/ObjectOutputStream$HandleTable done
Event: 306.028 Loading class java/io/ObjectOutputStream$ReplaceTable
Event: 306.028 Loading class java/io/ObjectOutputStream$ReplaceTable done

Classes unloaded (7 events):
Event: 5.733 Thread 0x0000027c79175c20 Unloading class 0x0000027c011a4c00 'java/lang/invoke/LambdaForm$MH+0x0000027c011a4c00'
Event: 5.733 Thread 0x0000027c79175c20 Unloading class 0x0000027c011a4800 'java/lang/invoke/LambdaForm$MH+0x0000027c011a4800'
Event: 5.733 Thread 0x0000027c79175c20 Unloading class 0x0000027c011a4400 'java/lang/invoke/LambdaForm$MH+0x0000027c011a4400'
Event: 5.733 Thread 0x0000027c79175c20 Unloading class 0x0000027c011a4000 'java/lang/invoke/LambdaForm$MH+0x0000027c011a4000'
Event: 5.733 Thread 0x0000027c79175c20 Unloading class 0x0000027c011a3c00 'java/lang/invoke/LambdaForm$BMH+0x0000027c011a3c00'
Event: 5.733 Thread 0x0000027c79175c20 Unloading class 0x0000027c011a3800 'java/lang/invoke/LambdaForm$DMH+0x0000027c011a3800'
Event: 5.733 Thread 0x0000027c79175c20 Unloading class 0x0000027c011a2400 'java/lang/invoke/LambdaForm$DMH+0x0000027c011a2400'

Classes redefined (0 events):
No events

Internal exceptions (20 events):
Event: 124.504 Thread 0x0000027c43efb370 Exception <a 'java/lang/IncompatibleClassChangeError'{0x00000000d5f9ed58}: Found class java.lang.Object, but interface was expected> (0x00000000d5f9ed58) 
thrown [s\src\hotspot\share\interpreter\linkResolver.cpp, line 840]
Event: 124.638 Thread 0x0000027c4f5c3b70 Exception <a 'sun/nio/fs/WindowsException'{0x00000000d63a3468}> (0x00000000d63a3468) 
thrown [s\src\hotspot\share\prims\jni.cpp, line 520]
Event: 124.768 Thread 0x0000027c43efb370 Exception <a 'java/lang/IncompatibleClassChangeError'{0x00000000d5b2f760}: Found class java.lang.Object, but interface was expected> (0x00000000d5b2f760) 
thrown [s\src\hotspot\share\interpreter\linkResolver.cpp, line 840]
Event: 124.875 Thread 0x0000027c42d61bf0 Exception <a 'java/lang/NoSuchMethodError'{0x00000000d5755508}: 'java.lang.Object java.lang.invoke.DirectMethodHandle$Holder.invokeSpecial(java.lang.Object, java.lang.Object, java.lang.Object, java.lang.Object, int, java.lang.Object, java.lang.Object)'> (0x00000000d5755508) 
thrown [s\src\hotspot\share\interpreter\linkResolver.cpp, line 773]
Event: 124.875 Thread 0x0000027c43efdad0 Exception <a 'java/lang/NoSuchMethodError'{0x00000000d5755c08}: 'java.lang.Object java.lang.invoke.DirectMethodHandle$Holder.invokeSpecial(java.lang.Object, java.lang.Object, java.lang.Object, java.lang.Object, int, java.lang.Object, java.lang.Object)'> (0x00000000d5755c08) 
thrown [s\src\hotspot\share\interpreter\linkResolver.cpp, line 773]
Event: 124.912 Thread 0x0000027c42d65700 Exception <a 'java/lang/NoSuchMethodError'{0x00000000d55fe758}: 'int java.lang.invoke.Invokers$Holder.invokeExact_MT(java.lang.Object, java.lang.Object)'> (0x00000000d55fe758) 
thrown [s\src\hotspot\share\interpreter\linkResolver.cpp, line 773]
Event: 124.951 Thread 0x0000027c42d65700 Exception <a 'java/lang/IncompatibleClassChangeError'{0x00000000d579d0c0}: Found class java.lang.Object, but interface was expected> (0x00000000d579d0c0) 
thrown [s\src\hotspot\share\interpreter\linkResolver.cpp, line 840]
Event: 125.696 Thread 0x0000027c43efb370 Exception <a 'java/lang/IncompatibleClassChangeError'{0x00000000d56753f0}: Found class java.lang.Object, but interface was expected> (0x00000000d56753f0) 
thrown [s\src\hotspot\share\interpreter\linkResolver.cpp, line 840]
Event: 126.071 Thread 0x0000027c43efdad0 Implicit null exception at 0x0000027c6c5e26ff to 0x0000027c6c5e2a38
Event: 126.089 Thread 0x0000027c42d65700 Exception <a 'java/lang/NoSuchMethodError'{0x00000000d568bfa0}: 'java.lang.Object java.lang.invoke.DirectMethodHandle$Holder.newInvokeSpecial(java.lang.Object, int, java.lang.Object, java.lang.Object, java.lang.Object)'> (0x00000000d568bfa0) 
thrown [s\src\hotspot\share\interpreter\linkResolver.cpp, line 773]
Event: 126.515 Thread 0x0000027c43efdad0 Exception <a 'java/lang/NoSuchMethodError'{0x00000000d5cfb798}: 'java.lang.Object java.lang.invoke.DirectMethodHandle$Holder.invokeStaticInit(java.lang.Object, java.lang.Object, java.lang.Object)'> (0x00000000d5cfb798) 
thrown [s\src\hotspot\share\interpreter\linkResolver.cpp, line 773]
Event: 126.523 Thread 0x0000027c43efdad0 Exception <a 'java/lang/NoSuchMethodError'{0x00000000d55eb090}: 'int java.lang.invoke.DirectMethodHandle$Holder.invokeStaticInit(java.lang.Object, int)'> (0x00000000d55eb090) 
thrown [s\src\hotspot\share\interpreter\linkResolver.cpp, line 773]
Event: 126.827 Thread 0x0000027c43efdad0 Exception <a 'java/lang/NoSuchMethodError'{0x00000000d59c5ff0}: 'int java.lang.invoke.DirectMethodHandle$Holder.invokeSpecialIFC(java.lang.Object, java.lang.Object, int)'> (0x00000000d59c5ff0) 
thrown [s\src\hotspot\share\interpreter\linkResolver.cpp, line 773]
Event: 126.865 Thread 0x0000027c43efdad0 Exception <a 'sun/nio/fs/WindowsException'{0x00000000d5a278e8}> (0x00000000d5a278e8) 
thrown [s\src\hotspot\share\prims\jni.cpp, line 520]
Event: 126.865 Thread 0x0000027c43efdad0 Exception <a 'sun/nio/fs/WindowsException'{0x00000000d5a27f18}> (0x00000000d5a27f18) 
thrown [s\src\hotspot\share\prims\jni.cpp, line 520]
Event: 306.007 Thread 0x0000027c416b14e0 Exception <a 'sun/nio/fs/WindowsException'{0x00000000d5b90838}> (0x00000000d5b90838) 
thrown [s\src\hotspot\share\prims\jni.cpp, line 520]
Event: 306.007 Thread 0x0000027c416b14e0 Exception <a 'sun/nio/fs/WindowsException'{0x00000000d5b91118}> (0x00000000d5b91118) 
thrown [s\src\hotspot\share\prims\jni.cpp, line 520]
Event: 306.023 Thread 0x0000027c416b14e0 Implicit null exception at 0x0000027c6ccef106 to 0x0000027c6ccef484
Event: 306.044 Thread 0x0000027c416b14e0 Exception <a 'java/lang/NoSuchMethodError'{0x00000000d5c36bb0}: static [J.<clinit>()V> (0x00000000d5c36bb0) 
thrown [s\src\hotspot\share\prims\jni.cpp, line 1111]
Event: 306.073 Thread 0x0000027c416b14e0 Exception <a 'java/lang/NoSuchMethodError'{0x00000000d5c697b8}: 'java.lang.Object java.lang.invoke.DirectMethodHandle$Holder.newInvokeSpecial(java.lang.Object, java.lang.Object, java.lang.Object, java.lang.Object, java.lang.Object, java.lang.Object, java.lang.Object, java.lang.Object)'> (0x00000000d5c697b8) 
thrown [s\src\hotspot\share\interpreter\linkResolver.cpp, line 773]

ZGC Phase Switch (0 events):
No events

VM Operations (20 events):
Event: 1082.315 Executing non-safepoint VM operation: RendezvousGCThreads
Event: 1082.315 Executing non-safepoint VM operation: RendezvousGCThreads done
Event: 1142.484 Executing non-safepoint VM operation: HandshakeAllThreads (HandshakeForDeflation)
Event: 1142.484 Executing non-safepoint VM operation: HandshakeAllThreads (HandshakeForDeflation) done
Event: 1142.484 Executing non-safepoint VM operation: RendezvousGCThreads
Event: 1142.484 Executing non-safepoint VM operation: RendezvousGCThreads done
Event: 1205.760 Executing safepoint VM operation: Cleanup
Event: 1205.760 Executing safepoint VM operation: Cleanup done
Event: 1323.002 Executing non-safepoint VM operation: HandshakeAllThreads (HandshakeForDeflation)
Event: 1323.002 Executing non-safepoint VM operation: HandshakeAllThreads (HandshakeForDeflation) done
Event: 1323.002 Executing non-safepoint VM operation: RendezvousGCThreads
Event: 1323.002 Executing non-safepoint VM operation: RendezvousGCThreads done
Event: 1383.082 Executing non-safepoint VM operation: HandshakeAllThreads (HandshakeForDeflation)
Event: 1383.082 Executing non-safepoint VM operation: HandshakeAllThreads (HandshakeForDeflation) done
Event: 1383.082 Executing non-safepoint VM operation: RendezvousGCThreads
Event: 1383.082 Executing non-safepoint VM operation: RendezvousGCThreads done
Event: 1443.185 Executing non-safepoint VM operation: HandshakeAllThreads (HandshakeForDeflation)
Event: 1443.185 Executing non-safepoint VM operation: HandshakeAllThreads (HandshakeForDeflation) done
Event: 1443.185 Executing non-safepoint VM operation: RendezvousGCThreads
Event: 1443.185 Executing non-safepoint VM operation: RendezvousGCThreads done

Memory protections (0 events):
No events

Nmethod flushes (20 events):
Event: 14.340 Thread 0x0000027c79175c20 flushing  nmethod 0x0000027c64fbe810
Event: 14.340 Thread 0x0000027c79175c20 flushing  nmethod 0x0000027c64fca910
Event: 14.340 Thread 0x0000027c79175c20 flushing  nmethod 0x0000027c64fd0f10
Event: 14.340 Thread 0x0000027c79175c20 flushing  nmethod 0x0000027c64fd2690
Event: 14.340 Thread 0x0000027c79175c20 flushing  nmethod 0x0000027c64fd4f10
Event: 14.340 Thread 0x0000027c79175c20 flushing  nmethod 0x0000027c64fd5290
Event: 14.340 Thread 0x0000027c79175c20 flushing  nmethod 0x0000027c64fdae90
Event: 14.340 Thread 0x0000027c79175c20 flushing  nmethod 0x0000027c64fdb990
Event: 14.340 Thread 0x0000027c79175c20 flushing  nmethod 0x0000027c64fe4310
Event: 14.340 Thread 0x0000027c79175c20 flushing  nmethod 0x0000027c64fe5010
Event: 14.340 Thread 0x0000027c79175c20 flushing  nmethod 0x0000027c65003210
Event: 14.340 Thread 0x0000027c79175c20 flushing  nmethod 0x0000027c6501c990
Event: 14.340 Thread 0x0000027c79175c20 flushing  nmethod 0x0000027c6501cf90
Event: 14.340 Thread 0x0000027c79175c20 flushing  nmethod 0x0000027c6501d810
Event: 14.340 Thread 0x0000027c79175c20 flushing  nmethod 0x0000027c6501db90
Event: 14.340 Thread 0x0000027c79175c20 flushing  nmethod 0x0000027c65021490
Event: 14.340 Thread 0x0000027c79175c20 flushing  nmethod 0x0000027c65024e10
Event: 14.340 Thread 0x0000027c79175c20 flushing  nmethod 0x0000027c6509c090
Event: 14.340 Thread 0x0000027c79175c20 flushing  nmethod 0x0000027c650a6790
Event: 14.340 Thread 0x0000027c79175c20 flushing  nmethod 0x0000027c650dad10

Events (20 events):
Event: 556.606 Thread 0x0000027c44125cc0 Thread exited: 0x0000027c44125cc0
Event: 606.925 Thread 0x0000027c4f5c7680 Thread exited: 0x0000027c4f5c7680
Event: 616.607 Thread 0x0000027c44122840 Thread exited: 0x0000027c44122840
Event: 666.935 Thread 0x0000027c43efe160 Thread exited: 0x0000027c43efe160
Event: 676.617 Thread 0x0000027c44126350 Thread exited: 0x0000027c44126350
Event: 726.935 Thread 0x0000027c43eface0 Thread exited: 0x0000027c43eface0
Event: 736.620 Thread 0x0000027c44127070 Thread exited: 0x0000027c44127070
Event: 786.942 Thread 0x0000027c42d67e60 Thread exited: 0x0000027c42d67e60
Event: 796.635 Thread 0x0000027c44128420 Thread exited: 0x0000027c44128420
Event: 846.950 Thread 0x0000027c42d66ab0 Thread exited: 0x0000027c42d66ab0
Event: 856.636 Thread 0x0000027c44123bf0 Thread exited: 0x0000027c44123bf0
Event: 906.955 Thread 0x0000027c43efba00 Thread exited: 0x0000027c43efba00
Event: 916.650 Thread 0x0000027c44122ed0 Thread exited: 0x0000027c44122ed0
Event: 966.960 Thread 0x0000027c42d67140 Thread exited: 0x0000027c42d67140
Event: 976.654 Thread 0x0000027c44124fa0 Thread exited: 0x0000027c44124fa0
Event: 1026.964 Thread 0x0000027c43efa650 Thread exited: 0x0000027c43efa650
Event: 1036.665 Thread 0x0000027c44124280 Thread exited: 0x0000027c44124280
Event: 1086.967 Thread 0x0000027c42d61bf0 Thread exited: 0x0000027c42d61bf0
Event: 1096.678 Thread 0x0000027c44120e00 Thread exited: 0x0000027c44120e00
Event: 1146.971 Thread 0x0000027c43efc090 Thread exited: 0x0000027c43efc090


Dynamic libraries:
0x00007ff65fed0000 - 0x00007ff65fede000 	c:\Users\Lenovo\.vscode\extensions\redhat.java-1.54.0-win32-x64\jre\21.0.10-win32-x86_64\bin\java.exe
0x00007ffa3f800000 - 0x00007ffa3fa67000 	C:\Windows\SYSTEM32\ntdll.dll
0x00007ffa3ec60000 - 0x00007ffa3ed29000 	C:\Windows\System32\KERNEL32.DLL
0x00007ffa3ce70000 - 0x00007ffa3d264000 	C:\Windows\System32\KERNELBASE.dll
0x00007ffa3c160000 - 0x00007ffa3c2ab000 	C:\Windows\System32\ucrtbase.dll
0x00007ffa28580000 - 0x00007ffa28598000 	c:\Users\Lenovo\.vscode\extensions\redhat.java-1.54.0-win32-x64\jre\21.0.10-win32-x86_64\bin\jli.dll
0x00007ffa28100000 - 0x00007ffa2811e000 	c:\Users\Lenovo\.vscode\extensions\redhat.java-1.54.0-win32-x64\jre\21.0.10-win32-x86_64\bin\VCRUNTIME140.dll
0x00007ffa3f5e0000 - 0x00007ffa3f7a5000 	C:\Windows\System32\USER32.dll
0x00007ffa3d3e0000 - 0x00007ffa3d407000 	C:\Windows\System32\win32u.dll
0x00007ffa2a200000 - 0x00007ffa2a493000 	C:\Windows\WinSxS\amd64_microsoft.windows.common-controls_6595b64144ccf1df_6.0.26100.8115_none_3e075c82e3354f9c\COMCTL32.dll
0x00007ffa3ec30000 - 0x00007ffa3ec5b000 	C:\Windows\System32\GDI32.dll
0x00007ffa3dc50000 - 0x00007ffa3dcf9000 	C:\Windows\System32\msvcrt.dll
0x00007ffa3cc90000 - 0x00007ffa3cdbb000 	C:\Windows\System32\gdi32full.dll
0x00007ffa3c370000 - 0x00007ffa3c413000 	C:\Windows\System32\msvcp_win.dll
0x00007ffa3ee90000 - 0x00007ffa3eec2000 	C:\Windows\System32\IMM32.DLL
0x00007ffa36e00000 - 0x00007ffa36e0c000 	c:\Users\Lenovo\.vscode\extensions\redhat.java-1.54.0-win32-x64\jre\21.0.10-win32-x86_64\bin\vcruntime140_1.dll
0x00007ffa17080000 - 0x00007ffa1710d000 	c:\Users\Lenovo\.vscode\extensions\redhat.java-1.54.0-win32-x64\jre\21.0.10-win32-x86_64\bin\msvcp140.dll
0x00007ff9c2860000 - 0x00007ff9c3601000 	c:\Users\Lenovo\.vscode\extensions\redhat.java-1.54.0-win32-x64\jre\21.0.10-win32-x86_64\bin\server\jvm.dll
0x00007ffa3e6b0000 - 0x00007ffa3e766000 	C:\Windows\System32\ADVAPI32.dll
0x00007ffa3f0e0000 - 0x00007ffa3f187000 	C:\Windows\System32\sechost.dll
0x00007ffa3dd00000 - 0x00007ffa3de18000 	C:\Windows\System32\RPCRT4.dll
0x00007ffa3eed0000 - 0x00007ffa3ef50000 	C:\Windows\System32\WS2_32.dll
0x00007ffa3bf30000 - 0x00007ffa3bf8e000 	C:\Windows\SYSTEM32\POWRPROF.dll
0x00007ffa399b0000 - 0x00007ffa399e6000 	C:\Windows\SYSTEM32\WINMM.dll
0x00007ffa20740000 - 0x00007ffa2074b000 	C:\Windows\SYSTEM32\VERSION.dll
0x00007ffa3bf10000 - 0x00007ffa3bf24000 	C:\Windows\SYSTEM32\UMPDC.dll
0x00007ffa3ae60000 - 0x00007ffa3ae7b000 	C:\Windows\SYSTEM32\kernel.appcore.dll
0x00007ffa33370000 - 0x00007ffa3337a000 	c:\Users\Lenovo\.vscode\extensions\redhat.java-1.54.0-win32-x64\jre\21.0.10-win32-x86_64\bin\jimage.dll
0x00007ffa39f20000 - 0x00007ffa3a162000 	C:\Windows\SYSTEM32\DBGHELP.DLL
0x00007ffa3f190000 - 0x00007ffa3f512000 	C:\Windows\System32\combase.dll
0x00007ffa3e910000 - 0x00007ffa3e9e8000 	C:\Windows\System32\OLEAUT32.dll
0x00007ffa1f630000 - 0x00007ffa1f66b000 	C:\Windows\SYSTEM32\dbgcore.DLL
0x00007ffa3cdc0000 - 0x00007ffa3ce65000 	C:\Windows\System32\bcryptPrimitives.dll
0x00007ffa28720000 - 0x00007ffa2872f000 	c:\Users\Lenovo\.vscode\extensions\redhat.java-1.54.0-win32-x64\jre\21.0.10-win32-x86_64\bin\instrument.dll
0x00007ffa27b40000 - 0x00007ffa27b60000 	c:\Users\Lenovo\.vscode\extensions\redhat.java-1.54.0-win32-x64\jre\21.0.10-win32-x86_64\bin\java.dll
0x00007ffa3de50000 - 0x00007ffa3e5b7000 	C:\Windows\System32\SHELL32.dll
0x00007ffa3d270000 - 0x00007ffa3d3da000 	C:\Windows\System32\wintypes.dll
0x00007ffa3c420000 - 0x00007ffa3cc88000 	C:\Windows\System32\windows.storage.dll
0x00007ffa3efd0000 - 0x00007ffa3f0c8000 	C:\Windows\System32\SHCORE.dll
0x00007ffa3e640000 - 0x00007ffa3e6a6000 	C:\Windows\System32\shlwapi.dll
0x00007ffa3bff0000 - 0x00007ffa3c019000 	C:\Windows\SYSTEM32\profapi.dll
0x00007ffa277e0000 - 0x00007ffa277f8000 	c:\Users\Lenovo\.vscode\extensions\redhat.java-1.54.0-win32-x64\jre\21.0.10-win32-x86_64\bin\zip.dll
0x00007ffa283b0000 - 0x00007ffa283c0000 	C:\Users\Lenovo\.vscode\extensions\redhat.java-1.54.0-win32-x64\jre\21.0.10-win32-x86_64\bin\net.dll
0x00007ffa355d0000 - 0x00007ffa356fd000 	C:\Windows\SYSTEM32\WINHTTP.dll
0x00007ffa3b3d0000 - 0x00007ffa3b43c000 	C:\Windows\system32\mswsock.dll
0x00007ffa26e50000 - 0x00007ffa26e66000 	C:\Users\Lenovo\.vscode\extensions\redhat.java-1.54.0-win32-x64\jre\21.0.10-win32-x86_64\bin\nio.dll
0x00007ffa28230000 - 0x00007ffa28240000 	c:\Users\Lenovo\.vscode\extensions\redhat.java-1.54.0-win32-x64\jre\21.0.10-win32-x86_64\bin\verify.dll
0x00007ffa09fb0000 - 0x00007ffa09ff5000 	C:\Users\Lenovo\AppData\Roaming\Code\User\globalStorage\redhat.java\1.54.0\config_win\org.eclipse.equinox.launcher\org.eclipse.equinox.launcher.win32.win32.x86_64_1.3.0.v20260203-2149\eclipse_11919.dll
0x00007ffa3e770000 - 0x00007ffa3e907000 	C:\Windows\System32\ole32.dll
0x00007ffa3b6b0000 - 0x00007ffa3b6cb000 	C:\Windows\SYSTEM32\CRYPTSP.dll
0x00007ffa3adc0000 - 0x00007ffa3adf9000 	C:\Windows\system32\rsaenh.dll
0x00007ffa3b480000 - 0x00007ffa3b4b3000 	C:\Windows\SYSTEM32\USERENV.dll
0x00007ffa3bfc0000 - 0x00007ffa3bfea000 	C:\Windows\SYSTEM32\bcrypt.dll
0x00007ffa3b6d0000 - 0x00007ffa3b6dc000 	C:\Windows\SYSTEM32\CRYPTBASE.dll
0x00007ffa3a760000 - 0x00007ffa3a792000 	C:\Windows\SYSTEM32\IPHLPAPI.DLL
0x00007ffa3f7b0000 - 0x00007ffa3f7ba000 	C:\Windows\System32\NSI.dll
0x00007ffa09f30000 - 0x00007ffa09f79000 	C:\Users\Lenovo\AppData\Local\Temp\jna--2022488749\jna4532982336316736882.dll
0x00007ffa3de20000 - 0x00007ffa3de28000 	C:\Windows\System32\PSAPI.DLL
0x00007ffa36920000 - 0x00007ffa3693d000 	C:\Windows\SYSTEM32\dhcpcsvc6.DLL
0x00007ffa368e0000 - 0x00007ffa36905000 	C:\Windows\SYSTEM32\dhcpcsvc.DLL

JVMTI agents:
c:\Users\Lenovo\.vscode\extensions\redhat.java-1.54.0-win32-x64\lombok\lombok-1.18.39-4050.jar path:c:\Users\Lenovo\.vscode\extensions\redhat.java-1.54.0-win32-x64\jre\21.0.10-win32-x86_64\bin\instrument.dll, loaded, initialized, instrumentlib options:none

dbghelp: loaded successfully - version: 4.0.5 - missing functions: none
symbol engine: initialized successfully - sym options: 0x614 - pdb path: .;c:\Users\Lenovo\.vscode\extensions\redhat.java-1.54.0-win32-x64\jre\21.0.10-win32-x86_64\bin;C:\Windows\SYSTEM32;C:\Windows\WinSxS\amd64_microsoft.windows.common-controls_6595b64144ccf1df_6.0.26100.8115_none_3e075c82e3354f9c;c:\Users\Lenovo\.vscode\extensions\redhat.java-1.54.0-win32-x64\jre\21.0.10-win32-x86_64\bin\server;C:\Users\Lenovo\AppData\Roaming\Code\User\globalStorage\redhat.java\1.54.0\config_win\org.eclipse.equinox.launcher\org.eclipse.equinox.launcher.win32.win32.x86_64_1.3.0.v20260203-2149;C:\Users\Lenovo\AppData\Local\Temp\jna--2022488749

VM Arguments:
jvm_args: --add-modules=ALL-SYSTEM --add-opens=java.base/java.util=ALL-UNNAMED --add-opens=java.base/java.lang=ALL-UNNAMED --add-opens=java.base/sun.nio.fs=ALL-UNNAMED -Declipse.application=org.eclipse.jdt.ls.core.id1 -Dosgi.bundles.defaultStartLevel=4 -Declipse.product=org.eclipse.jdt.ls.core.product -Djava.import.generatesMetadataFilesAtProjectRoot=false -DDetectVMInstallationsJob.disabled=true -Dfile.encoding=utf8 -XX:+UseParallelGC -XX:GCTimeRatio=4 -XX:AdaptiveSizePolicyWeight=90 -Dsun.zip.disableMemoryMapping=true -Xmx2G -Xms100m -Xlog:disable -javaagent:c:\Users\Lenovo\.vscode\extensions\redhat.java-1.54.0-win32-x64\lombok\lombok-1.18.39-4050.jar -XX:+HeapDumpOnOutOfMemoryError -XX:HeapDumpPath=c:\Users\Lenovo\AppData\Roaming\Code\User\workspaceStorage\0768287e3c4817e1eb9a5923e08379d2\redhat.java -Daether.dependencyCollector.impl=bf 
java_command: c:\Users\Lenovo\.vscode\extensions\redhat.java-1.54.0-win32-x64\server\plugins\org.eclipse.equinox.launcher_1.7.100.v20251111-0406.jar -configuration c:\Users\Lenovo\AppData\Roaming\Code\User\globalStorage\redhat.java\1.54.0\config_win -data c:\Users\Lenovo\AppData\Roaming\Code\User\workspaceStorage\0768287e3c4817e1eb9a5923e08379d2\redhat.java\jdt_ws --pipe=\\.\pipe\lsp-eebc32db46318b08b1c9bd253433af68-sock
java_class_path (initial): c:\Users\Lenovo\.vscode\extensions\redhat.java-1.54.0-win32-x64\server\plugins\org.eclipse.equinox.launcher_1.7.100.v20251111-0406.jar
Launcher Type: SUN_STANDARD

[Global flags]
    uintx AdaptiveSizePolicyWeight                 = 90                                        {product} {command line}
     intx CICompilerCount                          = 12                                        {product} {ergonomic}
    uintx GCTimeRatio                              = 4                                         {product} {command line}
     bool HeapDumpOnOutOfMemoryError               = true                                   {manageable} {command line}
    ccstr HeapDumpPath                             = c:\Users\Lenovo\AppData\Roaming\Code\User\workspaceStorage\0768287e3c4817e1eb9a5923e08379d2\redhat.java         {manageable} {command line}
   size_t InitialHeapSize                          = 104857600                                 {product} {command line}
   size_t MaxHeapSize                              = 2147483648                                {product} {command line}
   size_t MaxNewSize                               = 715653120                                 {product} {ergonomic}
   size_t MinHeapDeltaBytes                        = 524288                                    {product} {ergonomic}
   size_t MinHeapSize                              = 104857600                                 {product} {command line}
   size_t NewSize                                  = 34603008                                  {product} {ergonomic}
    uintx NonNMethodCodeHeapSize                   = 7602480                                {pd product} {ergonomic}
    uintx NonProfiledCodeHeapSize                  = 122027880                              {pd product} {ergonomic}
   size_t OldSize                                  = 70254592                                  {product} {ergonomic}
    uintx ProfiledCodeHeapSize                     = 122027880                              {pd product} {ergonomic}
    uintx ReservedCodeCacheSize                    = 251658240                              {pd product} {ergonomic}
     bool SegmentedCodeCache                       = true                                      {product} {ergonomic}
   size_t SoftMaxHeapSize                          = 2147483648                             {manageable} {ergonomic}
     bool UseCompressedOops                        = true                           {product lp64_product} {ergonomic}
     bool UseLargePagesIndividualAllocation        = false                                  {pd product} {ergonomic}
     bool UseParallelGC                            = true                                      {product} {command line}

Logging:
Log output configuration:
 #0: stdout all=off uptime,level,tags foldmultilines=false
 #1: stderr all=off uptime,level,tags foldmultilines=false

Release file:
JAVA_VERSION="21.0.10" 
MODULES="java.base java.compiler java.datatransfer java.xml java.prefs java.desktop java.instrument java.logging java.management java.security.sasl java.naming java.rmi java.management.rmi java.net.http java.scripting java.security.jgss java.transaction.xa java.sql java.sql.rowset java.xml.crypto java.se java.smartcardio jdk.accessibility jdk.internal.jvmstat jdk.attach jdk.charsets jdk.internal.opt jdk.zipfs jdk.compiler jdk.crypto.ec jdk.crypto.cryptoki jdk.crypto.mscapi jdk.dynalink jdk.internal.ed jdk.editpad jdk.hotspot.agent jdk.httpserver jdk.internal.le jdk.internal.vm.ci jdk.internal.vm.compiler jdk.internal.vm.compiler.management jdk.jartool jdk.javadoc jdk.jcmd jdk.management jdk.management.agent jdk.jconsole jdk.jdeps jdk.jdwp.agent jdk.jdi jdk.jfr jdk.jshell jdk.jsobject jdk.jstatd jdk.localedata jdk.management.jfr jdk.naming.dns jdk.naming.rmi jdk.net jdk.nio.mapmode jdk.random jdk.sctp jdk.security.auth jdk.security.jgss jdk.unsupported jdk.unsupported.desktop jdk.xml.dom" 

Environment Variables:
JAVA_HOME=C:\Program Files\Eclipse Adoptium\jdk-21.0.11.10-hotspot
PATH=D:\Microsoft VS Code;C:\Program Files\Eclipse Adoptium\jdk-21.0.11.10-hotspot\bin;C:\Program Files (x86)\Common Files\Oracle\Java\javapath;C:\Python314\Scripts\;C:\Python314\;C:\Program Files (x86)\Common Files\Intel\Shared Libraries\redist\intel64\compiler;C:\Program Files\Common Files\Oracle\Java\javapath;C:\Windows\system32;C:\Windows;C:\Windows\System32\Wbem;C:\Windows\System32\WindowsPowerShell\v1.0\;C:\Windows\System32\OpenSSH\;C:\Program Files\Java\jdk-24\bin;D:\Git\cmd;C:\Program Files\apache-maven-3.9.9\bin;C:\Program Files\gradle-8.13\bin;C:\Program Files\Git\cmd;D:\mingw32\bin;D:\mingw32\i686-w64-mingw32\bin;D:\NodeJS;C:\ProgramData\chocolatey\bin;D:\cursor\resources\app\bin;D:\PostgreSQL\bin;C:\Program Files\Eclipse Adoptium\jdk-21.0.11.10-hotspot\bin;C:\Program Files (x86)\Common Files\Oracle\Java\javapath;C:\Python314\Scripts\;C:\Python314\;C:\Program Files (x86)\Common Files\Intel\Shared Libraries\redist\intel64\compiler;C:\Program Files\Common Files\Oracle\Java\javapath;C:\Windows\system32;C:\Windows;C:\Windows\System32\Wbem;C:\Windows\System32\WindowsPowerShell\v1.0\;C:\Windows\System32\OpenSSH\;C:\Program Files\Java\jdk-24\bin;D:\Git\cmd;C:\Program Files\apache-maven-3.9.9\bin;C:\Program Files\gradle-8.13\bin;C:\Program Files\Git\cmd;D:\mingw32\bin;D:\mingw32\i686-w64-mingw32\bin;D:\NodeJS;C:\ProgramData\chocolatey\bin;D:\cursor\resources\app\bin;D:\PostgreSQL\bin;;C:\Program Files\Eclipse Adoptium\jdk-21.0.11.10-hotspot\bin
USERNAME=Lenovo
OS=Windows_NT
PROCESSOR_IDENTIFIER=Intel64 Family 6 Model 170 Stepping 4, GenuineIntel
TMP=C:\Users\Lenovo\AppData\Local\Temp
TEMP=C:\Users\Lenovo\AppData\Local\Temp




Periodic native trim disabled

---------------  S Y S T E M  ---------------

OS:
 Windows 11 , 64 bit Build 26100 (10.0.26100.8246)
OS uptime: 0 days 4:40 hours
Hyper-V role detected

CPU: total 18 (initial active 18) (9 cores per cpu, 2 threads per core) family 6 model 170 stepping 4 microcode 0x1e, cx8, cmov, fxsr, ht, mmx, 3dnowpref, sse, sse2, sse3, ssse3, sse4.1, sse4.2, popcnt, lzcnt, tsc, tscinvbit, avx, avx2, aes, erms, clmul, bmi1, bmi2, adx, sha, fma, vzeroupper, clflush, clflushopt, clwb, hv, serialize, rdtscp, rdpid, fsrm, f16c, cet_ibt, cet_ss
Processor Information for processor 0
  Max Mhz: 1200, Current Mhz: 1200, Mhz Limit: 1200
Processor Information for processor 1
  Max Mhz: 1200, Current Mhz: 1200, Mhz Limit: 1200
Processor Information for processor 2
  Max Mhz: 700, Current Mhz: 700, Mhz Limit: 700
Processor Information for processor 3
  Max Mhz: 700, Current Mhz: 700, Mhz Limit: 700
Processor Information for processor 4
  Max Mhz: 700, Current Mhz: 700, Mhz Limit: 700
Processor Information for processor 5
  Max Mhz: 700, Current Mhz: 700, Mhz Limit: 700
Processor Information for processor 6
  Max Mhz: 700, Current Mhz: 700, Mhz Limit: 700
Processor Information for processor 7
  Max Mhz: 700, Current Mhz: 700, Mhz Limit: 700
Processor Information for processor 8
  Max Mhz: 700, Current Mhz: 700, Mhz Limit: 700
Processor Information for processor 9
  Max Mhz: 700, Current Mhz: 700, Mhz Limit: 700
Processor Information for processor 10
  Max Mhz: 1200, Current Mhz: 1200, Mhz Limit: 1200
Processor Information for processor 11
  Max Mhz: 1200, Current Mhz: 1200, Mhz Limit: 1200
Processor Information for processor 12
  Max Mhz: 1200, Current Mhz: 1200, Mhz Limit: 1200
Processor Information for processor 13
  Max Mhz: 1200, Current Mhz: 1200, Mhz Limit: 1200
Processor Information for processor 14
  Max Mhz: 1200, Current Mhz: 1200, Mhz Limit: 1200
Processor Information for processor 15
  Max Mhz: 1200, Current Mhz: 1200, Mhz Limit: 1200
Processor Information for processor 16
  Max Mhz: 700, Current Mhz: 700, Mhz Limit: 700
Processor Information for processor 17
  Max Mhz: 700, Current Mhz: 700, Mhz Limit: 700

Memory: 4k page, system-wide physical 15805M (2729M free)
TotalPageFile size 27054M (AvailPageFile size 4M)
current process WorkingSet (physical memory assigned to process): 459M, peak: 591M
current process commit charge ("private bytes"): 553M, peak: 684M

vm_info: OpenJDK 64-Bit Server VM (21.0.10+7-LTS) for windows-amd64 JRE (21.0.10+7-LTS), built on 2026-01-20T00:00:00Z by "admin" with MS VC++ 17.12 (VS2022)

END.
