#
# There is insufficient memory for the Java Runtime Environment to continue.
# Native memory allocation (malloc) failed to allocate 32744 bytes. Error detail: Chunk::new
# Possible reasons:
#   The system is out of physical RAM or swap space
#   This process is running with CompressedOops enabled, and the Java Heap may be blocking the growth of the native heap
# Possible solutions:
#   Reduce memory load on the system
#   Increase physical memory or swap space
#   Check if swap backing store is full
#   Decrease Java heap size (-Xmx/-Xms)
#   Decrease number of Java threads
#   Decrease Java thread stack sizes (-Xss)
#   Set larger code cache with -XX:ReservedCodeCacheSize=
#   JVM is running with Unscaled Compressed Oops mode in which the Java heap is
#     placed in the first 4GB address space. The Java Heap base address is the
#     maximum limit for the native heap growth. Please use -XX:HeapBaseMinAddress
#     to set the Java Heap base and to place the Java Heap above 4GB virtual address.
# This output file may be truncated or incomplete.
#
#  Out of Memory Error (arena.cpp:168), pid=13204, tid=20896
#
# JRE version: OpenJDK Runtime Environment Temurin-21.0.10+7 (21.0.10+7) (build 21.0.10+7-LTS)
# Java VM: OpenJDK 64-Bit Server VM Temurin-21.0.10+7 (21.0.10+7-LTS, mixed mode, sharing, tiered, compressed oops, compressed class ptrs, parallel gc, windows-amd64)
# No core dump will be written. Minidumps are not enabled by default on client versions of Windows
#

---------------  S U M M A R Y ------------

Command Line: --add-modules=ALL-SYSTEM --add-opens=java.base/java.util=ALL-UNNAMED --add-opens=java.base/java.lang=ALL-UNNAMED --add-opens=java.base/sun.nio.fs=ALL-UNNAMED -Declipse.application=org.eclipse.jdt.ls.core.id1 -Dosgi.bundles.defaultStartLevel=4 -Declipse.product=org.eclipse.jdt.ls.core.product -Djava.import.generatesMetadataFilesAtProjectRoot=false -DDetectVMInstallationsJob.disabled=true -Dfile.encoding=utf8 -XX:+UseParallelGC -XX:GCTimeRatio=4 -XX:AdaptiveSizePolicyWeight=90 -Dsun.zip.disableMemoryMapping=true -Xmx2G -Xms100m -Xlog:disable -javaagent:c:\Users\Lenovo\.vscode\extensions\redhat.java-1.54.0-win32-x64\lombok\lombok-1.18.39-4050.jar -XX:+HeapDumpOnOutOfMemoryError -XX:HeapDumpPath=c:\Users\Lenovo\AppData\Roaming\Code\User\workspaceStorage\0768287e3c4817e1eb9a5923e08379d2\redhat.java -Daether.dependencyCollector.impl=bf c:\Users\Lenovo\.vscode\extensions\redhat.java-1.54.0-win32-x64\server\plugins\org.eclipse.equinox.launcher_1.7.100.v20251111-0406.jar -configuration c:\Users\Lenovo\AppData\Roaming\Code\User\globalStorage\redhat.java\1.54.0\config_win -data c:\Users\Lenovo\AppData\Roaming\Code\User\workspaceStorage\0768287e3c4817e1eb9a5923e08379d2\redhat.java\jdt_ws --pipe=\\.\pipe\lsp-aecbc8e5818c7aa2e86785e1b6cb317e-sock

Host: Intel(R) Core(TM) Ultra 5 125H, 18 cores, 15G,  Windows 11 , 64 bit Build 26100 (10.0.26100.8328)
Time: Mon May 18 10:14:00 2026 India Standard Time elapsed time: 10968.715722 seconds (0d 3h 2m 48s)

---------------  T H R E A D  ---------------

Current thread (0x000002e6f8b83a80):  JavaThread "C2 CompilerThread0" daemon [_thread_in_native, id=20896, stack(0x000000e90ac00000,0x000000e90ad00000) (1024K)]


Current CompileTask:
C2:10968715 14732       4       org.eclipse.core.runtime.Path::removeLastSegments (85 bytes)

Stack: [0x000000e90ac00000,0x000000e90ad00000]
Native frames: (J=compiled Java code, j=interpreted, Vv=VM code, C=native code)
V  [jvm.dll+0x6d7a39]
V  [jvm.dll+0x8b4b26]
V  [jvm.dll+0x8b70de]
V  [jvm.dll+0x8b77c3]
V  [jvm.dll+0x284346]
V  [jvm.dll+0xc66ed]
V  [jvm.dll+0xc6c31]
V  [jvm.dll+0xc6815]
V  [jvm.dll+0x6b2b0c]
V  [jvm.dll+0x664a31]
V  [jvm.dll+0x24c3db]
V  [jvm.dll+0x24bb40]
V  [jvm.dll+0x1cb34e]
V  [jvm.dll+0x25b85d]
V  [jvm.dll+0x259dea]
V  [jvm.dll+0x3f857e]
V  [jvm.dll+0x85f59d]
V  [jvm.dll+0x6d626d]
C  [ucrtbase.dll+0x37b0]
C  [KERNEL32.DLL+0x2e957]
C  [ntdll.dll+0x427c]


---------------  P R O C E S S  ---------------

Threads class SMR info:
_java_thread_list=0x000002e6dd8c2cf0, length=61, elements={
0x000002e6f8aceb30, 0x000002e6f8b79d80, 0x000002e6f8b7a940, 0x000002e6f8b80430,
0x000002e6f8b80fc0, 0x000002e6f8b81f60, 0x000002e6f8b82c40, 0x000002e6f8b83a80,
0x000002e6d1bbe140, 0x000002e6d1d7f300, 0x000002e6d3938280, 0x000002e6d8432f60,
0x000002e6d8435030, 0x000002e6d84356c0, 0x000002e6d8433c80, 0x000002e6d84335f0,
0x000002e6d8432240, 0x000002e6d8434310, 0x000002e6d84349a0, 0x000002e6d8886040,
0x000002e6d8883250, 0x000002e6d8883f70, 0x000002e6d8884c90, 0x000002e6d8885320,
0x000002e6d88859b0, 0x000002e6dbe4f470, 0x000002e6dbe4fb00, 0x000002e6dbe50190,
0x000002e6dbe4cd10, 0x000002e6dbe4d3a0, 0x000002e6dbe4e750, 0x000002e6dbe50820,
0x000002e6dbe4ede0, 0x000002e6dbe50eb0, 0x000002e6dbe4da30, 0x000002e6dbe51540,
0x000002e6dbe4e0c0, 0x000002e6dbe51bd0, 0x000002e6dbe53610, 0x000002e6dbe52260,
0x000002e6dbe528f0, 0x000002e6dbe52f80, 0x000002e6dbe53ca0, 0x000002e6dbe54330,
0x000002e6d9c495c0, 0x000002e6d9c4b690, 0x000002e6d9c4b000, 0x000002e6d9c4a2e0,
0x000002e6d9c49c50, 0x000002e6d9c4a970, 0x000002e6d9c4bd20, 0x000002e6d9c48f30,
0x000002e6d9c4f1a0, 0x000002e6d9c4ca40, 0x000002e6d9c4ddf0, 0x000002e6d9c4e480,
0x000002e6d9c4eb10, 0x000002e6d9c4f830, 0x000002e6d9c4d0d0, 0x000002e6daebb090,
0x000002e6daeb8fc0
}

Java Threads: ( => current thread )
  0x000002e6f8aceb30 JavaThread "main"                              [_thread_blocked, id=23468, stack(0x000000e90a200000,0x000000e90a300000) (1024K)]
  0x000002e6f8b79d80 JavaThread "Reference Handler"          daemon [_thread_blocked, id=24892, stack(0x000000e90a600000,0x000000e90a700000) (1024K)]
  0x000002e6f8b7a940 JavaThread "Finalizer"                  daemon [_thread_blocked, id=12644, stack(0x000000e90a700000,0x000000e90a800000) (1024K)]
  0x000002e6f8b80430 JavaThread "Signal Dispatcher"          daemon [_thread_blocked, id=28796, stack(0x000000e90a800000,0x000000e90a900000) (1024K)]
  0x000002e6f8b80fc0 JavaThread "Attach Listener"            daemon [_thread_blocked, id=2440, stack(0x000000e90a900000,0x000000e90aa00000) (1024K)]
  0x000002e6f8b81f60 JavaThread "Service Thread"             daemon [_thread_blocked, id=14000, stack(0x000000e90aa00000,0x000000e90ab00000) (1024K)]
  0x000002e6f8b82c40 JavaThread "Monitor Deflation Thread"   daemon [_thread_blocked, id=19056, stack(0x000000e90ab00000,0x000000e90ac00000) (1024K)]
=>0x000002e6f8b83a80 JavaThread "C2 CompilerThread0"         daemon [_thread_in_native, id=20896, stack(0x000000e90ac00000,0x000000e90ad00000) (1024K)]
  0x000002e6d1bbe140 JavaThread "C1 CompilerThread0"         daemon [_thread_blocked, id=24776, stack(0x000000e90ad00000,0x000000e90ae00000) (1024K)]
  0x000002e6d1d7f300 JavaThread "Common-Cleaner"             daemon [_thread_blocked, id=15088, stack(0x000000e90b300000,0x000000e90b400000) (1024K)]
  0x000002e6d3938280 JavaThread "Notification Thread"        daemon [_thread_blocked, id=23628, stack(0x000000e90b200000,0x000000e90b300000) (1024K)]
  0x000002e6d8432f60 JavaThread "Active Thread: Equinox Container: 5c2678b3-bd1e-4a2f-9e28-6de2b32a3829"        [_thread_blocked, id=976, stack(0x000000e90be00000,0x000000e90bf00000) (1024K)]
  0x000002e6d8435030 JavaThread "Refresh Thread: Equinox Container: 5c2678b3-bd1e-4a2f-9e28-6de2b32a3829" daemon [_thread_blocked, id=25828, stack(0x000000e90c000000,0x000000e90c100000) (1024K)]
  0x000002e6d84356c0 JavaThread "Framework Event Dispatcher: Equinox Container: 5c2678b3-bd1e-4a2f-9e28-6de2b32a3829" daemon [_thread_blocked, id=16564, stack(0x000000e90c100000,0x000000e90c200000) (1024K)]
  0x000002e6d8433c80 JavaThread "Start Level: Equinox Container: 5c2678b3-bd1e-4a2f-9e28-6de2b32a3829" daemon [_thread_blocked, id=14920, stack(0x000000e90c200000,0x000000e90c300000) (1024K)]
  0x000002e6d84335f0 JavaThread "Bundle File Closer"         daemon [_thread_blocked, id=19908, stack(0x000000e90c600000,0x000000e90c700000) (1024K)]
  0x000002e6d8432240 JavaThread "SCR Component Actor"        daemon [_thread_blocked, id=3976, stack(0x000000e90b000000,0x000000e90b100000) (1024K)]
  0x000002e6d8434310 JavaThread "Worker-JM"                         [_thread_blocked, id=25824, stack(0x000000e90bd00000,0x000000e90be00000) (1024K)]
  0x000002e6d84349a0 JavaThread "JNA Cleaner"                daemon [_thread_blocked, id=4368, stack(0x000000e90b100000,0x000000e90b200000) (1024K)]
  0x000002e6d8886040 JavaThread "Worker-1: Periodic workspace save."        [_thread_in_vm, id=28912, stack(0x000000e90bb00000,0x000000e90bc00000) (1024K)]
  0x000002e6d8883250 JavaThread "Java indexing"              daemon [_thread_blocked, id=12040, stack(0x000000e90cd00000,0x000000e90ce00000) (1024K)]
  0x000002e6d8883f70 JavaThread "Worker-2: Compacting resource model"        [_thread_blocked, id=21128, stack(0x000000e90ce00000,0x000000e90cf00000) (1024K)]
  0x000002e6d8884c90 JavaThread "Thread-1"                   daemon [_thread_in_native, id=26992, stack(0x000000e90d500000,0x000000e90d600000) (1024K)]
  0x000002e6d8885320 JavaThread "Thread-2"                   daemon [_thread_in_native, id=10696, stack(0x000000e90d600000,0x000000e90d700000) (1024K)]
  0x000002e6d88859b0 JavaThread "Thread-3"                   daemon [_thread_in_native, id=29360, stack(0x000000e90d700000,0x000000e90d800000) (1024K)]
  0x000002e6dbe4f470 JavaThread "Thread-4"                   daemon [_thread_in_native, id=12256, stack(0x000000e90d800000,0x000000e90d900000) (1024K)]
  0x000002e6dbe4fb00 JavaThread "Thread-5"                   daemon [_thread_in_native, id=15192, stack(0x000000e90d900000,0x000000e90da00000) (1024K)]
  0x000002e6dbe50190 JavaThread "Thread-6"                   daemon [_thread_in_native, id=28092, stack(0x000000e90da00000,0x000000e90db00000) (1024K)]
  0x000002e6dbe4cd10 JavaThread "Thread-7"                   daemon [_thread_in_native, id=18496, stack(0x000000e90db00000,0x000000e90dc00000) (1024K)]
  0x000002e6dbe4d3a0 JavaThread "Thread-8"                   daemon [_thread_in_native, id=27888, stack(0x000000e90dc00000,0x000000e90dd00000) (1024K)]
  0x000002e6dbe4e750 JavaThread "Thread-9"                   daemon [_thread_in_native, id=29356, stack(0x000000e90dd00000,0x000000e90de00000) (1024K)]
  0x000002e6dbe50820 JavaThread "Thread-10"                  daemon [_thread_in_native, id=12536, stack(0x000000e90de00000,0x000000e90df00000) (1024K)]
  0x000002e6dbe4ede0 JavaThread "Thread-11"                  daemon [_thread_in_native, id=25248, stack(0x000000e90df00000,0x000000e90e000000) (1024K)]
  0x000002e6dbe50eb0 JavaThread "Thread-12"                  daemon [_thread_in_native, id=29072, stack(0x000000e90e000000,0x000000e90e100000) (1024K)]
  0x000002e6dbe4da30 JavaThread "Thread-13"                  daemon [_thread_in_native, id=5640, stack(0x000000e90e100000,0x000000e90e200000) (1024K)]
  0x000002e6dbe51540 JavaThread "Thread-14"                  daemon [_thread_in_native, id=26044, stack(0x000000e90e200000,0x000000e90e300000) (1024K)]
  0x000002e6dbe4e0c0 JavaThread "Thread-15"                  daemon [_thread_in_native, id=14212, stack(0x000000e90e300000,0x000000e90e400000) (1024K)]
  0x000002e6dbe51bd0 JavaThread "Thread-16"                  daemon [_thread_in_native, id=29644, stack(0x000000e90e400000,0x000000e90e500000) (1024K)]
  0x000002e6dbe53610 JavaThread "Thread-17"                  daemon [_thread_in_native, id=23188, stack(0x000000e90e500000,0x000000e90e600000) (1024K)]
  0x000002e6dbe52260 JavaThread "Thread-18"                  daemon [_thread_in_native, id=22856, stack(0x000000e90e600000,0x000000e90e700000) (1024K)]
  0x000002e6dbe528f0 JavaThread "Thread-19"                  daemon [_thread_in_native, id=6696, stack(0x000000e90e700000,0x000000e90e800000) (1024K)]
  0x000002e6dbe52f80 JavaThread "pool-2-thread-1"                   [_thread_blocked, id=12672, stack(0x000000e90e800000,0x000000e90e900000) (1024K)]
  0x000002e6dbe53ca0 JavaThread "WorkspaceEventsHandler"            [_thread_blocked, id=1620, stack(0x000000e90eb00000,0x000000e90ec00000) (1024K)]
  0x000002e6dbe54330 JavaThread "pool-1-thread-1"                   [_thread_blocked, id=15316, stack(0x000000e90ec00000,0x000000e90ed00000) (1024K)]
  0x000002e6d9c495c0 JavaThread "ForkJoinPool.commonPool-worker-1" daemon [_thread_blocked, id=24460, stack(0x000000e90ed00000,0x000000e90ee00000) (1024K)]
  0x000002e6d9c4b690 JavaThread "ForkJoinPool.commonPool-worker-2" daemon [_thread_blocked, id=25456, stack(0x000000e90ee00000,0x000000e90ef00000) (1024K)]
  0x000002e6d9c4b000 JavaThread "ForkJoinPool.commonPool-worker-3" daemon [_thread_blocked, id=12592, stack(0x000000e90ef00000,0x000000e90f000000) (1024K)]
  0x000002e6d9c4a2e0 JavaThread "ForkJoinPool.commonPool-worker-4" daemon [_thread_blocked, id=13324, stack(0x000000e90f000000,0x000000e90f100000) (1024K)]
  0x000002e6d9c49c50 JavaThread "ForkJoinPool.commonPool-worker-5" daemon [_thread_blocked, id=16300, stack(0x000000e90f100000,0x000000e90f200000) (1024K)]
  0x000002e6d9c4a970 JavaThread "ForkJoinPool.commonPool-worker-7" daemon [_thread_blocked, id=26416, stack(0x000000e90f300000,0x000000e90f400000) (1024K)]
  0x000002e6d9c4bd20 JavaThread "ForkJoinPool.commonPool-worker-8" daemon [_thread_blocked, id=23796, stack(0x000000e90f400000,0x000000e90f500000) (1024K)]
  0x000002e6d9c48f30 JavaThread "ForkJoinPool.commonPool-worker-9" daemon [_thread_blocked, id=10564, stack(0x000000e90f500000,0x000000e90f600000) (1024K)]
  0x000002e6d9c4f1a0 JavaThread "ForkJoinPool.commonPool-worker-10" daemon [_thread_blocked, id=14384, stack(0x000000e90f600000,0x000000e90f700000) (1024K)]
  0x000002e6d9c4ca40 JavaThread "ForkJoinPool.commonPool-worker-11" daemon [_thread_blocked, id=26784, stack(0x000000e90f700000,0x000000e90f800000) (1024K)]
  0x000002e6d9c4ddf0 JavaThread "ForkJoinPool.commonPool-worker-12" daemon [_thread_blocked, id=27296, stack(0x000000e90f800000,0x000000e90f900000) (1024K)]
  0x000002e6d9c4e480 JavaThread "ForkJoinPool.commonPool-worker-14" daemon [_thread_blocked, id=16028, stack(0x000000e90fa00000,0x000000e90fb00000) (1024K)]
  0x000002e6d9c4eb10 JavaThread "ForkJoinPool.commonPool-worker-15" daemon [_thread_blocked, id=7216, stack(0x000000e90fb00000,0x000000e90fc00000) (1024K)]
  0x000002e6d9c4f830 JavaThread "ForkJoinPool.commonPool-worker-16" daemon [_thread_blocked, id=1188, stack(0x000000e90fc00000,0x000000e90fd00000) (1024K)]
  0x000002e6d9c4d0d0 JavaThread "ForkJoinPool.commonPool-worker-17" daemon [_thread_blocked, id=20092, stack(0x000000e90fd00000,0x000000e90fe00000) (1024K)]
  0x000002e6daebb090 JavaThread "Cleaner-0"                  daemon [_thread_blocked, id=8812, stack(0x000000e90fe00000,0x000000e90ff00000) (1024K)]
  0x000002e6daeb8fc0 JavaThread "Worker-6"                          [_thread_blocked, id=31072, stack(0x000000e909f00000,0x000000e90a000000) (1024K)]
Total: 61

Other Threads:
  0x000002e6d1b53590 VMThread "VM Thread"                           [id=2516, stack(0x000000e90a500000,0x000000e90a600000) (1024K)]
  0x000002e68f4dba00 WatcherThread "VM Periodic Task Thread"        [id=12860, stack(0x000000e90a400000,0x000000e90a500000) (1024K)]
  0x000002e6f8aed280 WorkerThread "GC Thread#0"                     [id=3788, stack(0x000000e90a300000,0x000000e90a400000) (1024K)]
  0x000002e6d3ad0db0 WorkerThread "GC Thread#1"                     [id=15908, stack(0x000000e90b500000,0x000000e90b600000) (1024K)]
  0x000002e6d8256820 WorkerThread "GC Thread#2"                     [id=15416, stack(0x000000e90b600000,0x000000e90b700000) (1024K)]
  0x000002e6d8098c80 WorkerThread "GC Thread#3"                     [id=5948, stack(0x000000e90b700000,0x000000e90b800000) (1024K)]
  0x000002e6d3b38c30 WorkerThread "GC Thread#4"                     [id=14536, stack(0x000000e90b800000,0x000000e90b900000) (1024K)]
  0x000002e6d3b38fe0 WorkerThread "GC Thread#5"                     [id=14960, stack(0x000000e90b900000,0x000000e90ba00000) (1024K)]
  0x000002e6d3c86000 WorkerThread "GC Thread#6"                     [id=17460, stack(0x000000e90ba00000,0x000000e90bb00000) (1024K)]
  0x000002e6d8253240 WorkerThread "GC Thread#7"                     [id=6156, stack(0x000000e90bf00000,0x000000e90c000000) (1024K)]
  0x000002e6d8252e90 WorkerThread "GC Thread#8"                     [id=7372, stack(0x000000e90c300000,0x000000e90c400000) (1024K)]
  0x000002e6d8253d50 WorkerThread "GC Thread#9"                     [id=28336, stack(0x000000e90c400000,0x000000e90c500000) (1024K)]
  0x000002e6d82535f0 WorkerThread "GC Thread#10"                    [id=2848, stack(0x000000e90c500000,0x000000e90c600000) (1024K)]
  0x000002e6d83ede90 WorkerThread "GC Thread#11"                    [id=17768, stack(0x000000e90c700000,0x000000e90c800000) (1024K)]
  0x000002e6d83ed730 WorkerThread "GC Thread#12"                    [id=26544, stack(0x000000e90c800000,0x000000e90c900000) (1024K)]
  0x000002e6d83edae0 WorkerThread "GC Thread#13"                    [id=22028, stack(0x000000e90c900000,0x000000e90ca00000) (1024K)]
Total: 16

Threads with active compile tasks:
C2 CompilerThread0  10968741 14732       4       org.eclipse.core.runtime.Path::removeLastSegments (85 bytes)
Total: 1

VM state: not at safepoint (normal execution)

VM Mutex/Monitor currently owned by a thread: None

Heap address: 0x0000000080000000, size: 2048 MB, Compressed Oops mode: 32-bit

CDS archive(s) mapped at: [0x000002e690000000-0x000002e690ba0000-0x000002e690ba0000), size 12189696, SharedBaseAddress: 0x000002e690000000, ArchiveRelocationMode: 1.
Compressed class space mapped at: 0x000002e691000000-0x000002e6d1000000, reserved size: 1073741824
Narrow klass base: 0x000002e690000000, Narrow klass shift: 0, Narrow klass range: 0x100000000

GC Precious Log:
 CardTable entry size: 512
 CPUs: 18 total, 18 available
 Memory: 15805M
 Large Page Support: Disabled
 NUMA Support: Disabled
 Compressed Oops: Enabled (32-bit)
 Alignments: Space 512K, Generation 512K, Heap 2M
 Heap Min Capacity: 100M
 Heap Initial Capacity: 100M
 Heap Max Capacity: 2G
 Pre-touch: Disabled
 Parallel Workers: 14

Heap:
 PSYoungGen      total 4096K, used 893K [0x00000000d5580000, 0x00000000d5a80000, 0x0000000100000000)
  eden space 3584K, 16% used [0x00000000d5580000,0x00000000d560f718,0x00000000d5900000)
  from space 512K, 62% used [0x00000000d5900000,0x00000000d5950000,0x00000000d5980000)
  to   space 512K, 0% used [0x00000000d5a00000,0x00000000d5a00000,0x00000000d5a80000)
 ParOldGen       total 324608K, used 324134K [0x0000000080000000, 0x0000000093d00000, 0x00000000d5580000)
  object space 324608K, 99% used [0x0000000080000000,0x0000000093c89a20,0x0000000093d00000)
 Metaspace       used 72243K, committed 73920K, reserved 1179648K
  class space    used 7513K, committed 8256K, reserved 1048576K

Card table byte_map: [0x000002e6f8470000,0x000002e6f8880000] _byte_map_base: 0x000002e6f8070000

Marking Bits: (ParMarkBitMap*) 0x00007ffab0963450
 Begin Bits: [0x000002e6fbf80000, 0x000002e6fdf80000)
 End Bits:   [0x000002e6fdf80000, 0x000002e6fff80000)

Polling page: 0x000002e6f6d20000

Metaspace:

Usage:
  Non-class:     63.21 MB used.
      Class:      7.34 MB used.
       Both:     70.55 MB used.

Virtual space:
  Non-class space:      128.00 MB reserved,      64.12 MB ( 50%) committed,  2 nodes.
      Class space:        1.00 GB reserved,       8.06 MB ( <1%) committed,  1 nodes.
             Both:        1.12 GB reserved,      72.19 MB (  6%) committed. 

Chunk freelists:
   Non-Class:  15.58 MB
       Class:  7.98 MB
        Both:  23.56 MB

MaxMetaspaceSize: unlimited
CompressedClassSpaceSize: 1.00 GB
Initial GC threshold: 21.00 MB
Current GC threshold: 97.31 MB
CDS: on
 - commit_granule_bytes: 65536.
 - commit_granule_words: 8192.
 - virtual_space_node_default_size: 8388608.
 - enlarge_chunks_in_place: 1.
 - use_allocation_guard: 0.


Internal statistics:

num_allocs_failed_limit: 11.
num_arena_births: 1442.
num_arena_deaths: 22.
num_vsnodes_births: 3.
num_vsnodes_deaths: 0.
num_space_committed: 1155.
num_space_uncommitted: 0.
num_chunks_returned_to_freelist: 37.
num_chunks_taken_from_freelist: 5031.
num_chunk_merges: 16.
num_chunk_splits: 3026.
num_chunks_enlarged: 1579.
num_inconsistent_stats: 0.

CodeHeap 'non-profiled nmethods': size=119168Kb used=11827Kb max_used=11827Kb free=107340Kb
 bounds [0x000002e687ba0000, 0x000002e688730000, 0x000002e68f000000]
CodeHeap 'profiled nmethods': size=119104Kb used=33067Kb max_used=33067Kb free=86036Kb
 bounds [0x000002e680000000, 0x000002e682050000, 0x000002e687450000]
CodeHeap 'non-nmethods': size=7488Kb used=1466Kb max_used=3259Kb free=6021Kb
 bounds [0x000002e687450000, 0x000002e687780000, 0x000002e687ba0000]
CodeCache: size=245760Kb, used=46360Kb, max_used=48153Kb, free=199397Kb
 total_blobs=14591, nmethods=13809, adapters=687, full_count=0
Compilation: enabled, stopped_count=0, restarted_count=0

Compilation events (20 events):
Event: 79.337 Thread 0x000002e6f8b83a80 nmethod 14657 0x000002e688706b10 code [0x000002e688706d00, 0x000002e688707578]
Event: 79.363 Thread 0x000002e6daaf6cd0 nmethod 14702 0x000002e688707b90 code [0x000002e688708060, 0x000002e68870cc88]
Event: 79.381 Thread 0x000002e6daaf8810 nmethod 14533 0x000002e68870d690 code [0x000002e68870de40, 0x000002e688715cc0]
Event: 79.664 Thread 0x000002e6daafb0f0 nmethod 14701 0x000002e68871bd90 code [0x000002e68871c400, 0x000002e688721200]
Event: 79.669 Thread 0x000002e6daaf5190 nmethod 14720 0x000002e688725110 code [0x000002e688725740, 0x000002e688729650]
Event: 91.597 Thread 0x000002e6d1bbe140 14725       3       java.util.concurrent.ThreadPoolExecutor$Worker::lock (6 bytes)
Event: 91.597 Thread 0x000002e6d1bbe140 nmethod 14725 0x000002e682045510 code [0x000002e6820456c0, 0x000002e682045800]
Event: 121.622 Thread 0x000002e6d1bbe140 14726       3       java.util.concurrent.ScheduledThreadPoolExecutor::canRunInCurrentRunState (61 bytes)
Event: 121.623 Thread 0x000002e6d1bbe140 nmethod 14726 0x000002e682045890 code [0x000002e682045aa0, 0x000002e682046250]
Event: 122.812 Thread 0x000002e6d1bbe140 14727       1       java.util.concurrent.ThreadPoolExecutor::getQueue (5 bytes)
Event: 122.812 Thread 0x000002e6d1bbe140 nmethod 14727 0x000002e68872c910 code [0x000002e68872caa0, 0x000002e68872cb68]
Event: 152.821 Thread 0x000002e6d1bbe140 14728       3       java.util.concurrent.locks.ReentrantLock::lockInterruptibly (8 bytes)
Event: 152.822 Thread 0x000002e6d1bbe140 nmethod 14728 0x000002e682046490 code [0x000002e6820466a0, 0x000002e682046c28]
Event: 152.822 Thread 0x000002e6d1bbe140 14729       3       java.util.concurrent.locks.ReentrantLock$Sync::lockInterruptibly (27 bytes)
Event: 152.822 Thread 0x000002e6d1bbe140 nmethod 14729 0x000002e682046e10 code [0x000002e682047000, 0x000002e682047528]
Event: 161.657 Thread 0x000002e6d1bbe140 14730   !   3       java.util.concurrent.ThreadPoolExecutor::getTask (177 bytes)
Event: 161.657 Thread 0x000002e6d1bbe140 nmethod 14730 0x000002e682047710 code [0x000002e6820479c0, 0x000002e6820487f0]
Event: 195.604 Thread 0x000002e6d1bbe140 14731       3       java.util.concurrent.locks.AbstractQueuedSynchronizer$ConditionObject::canReacquire (38 bytes)
Event: 195.604 Thread 0x000002e6d1bbe140 nmethod 14731 0x000002e682048c90 code [0x000002e682048e60, 0x000002e6820491a8]
Event: 10968.712 Thread 0x000002e6f8b83a80 14732       4       org.eclipse.core.runtime.Path::removeLastSegments (85 bytes)

GC Heap History (20 events):
Event: 78.836 GC heap before
{Heap before GC invocations=403 (full 3):
 PSYoungGen      total 4096K, used 2131K [0x00000000d5580000, 0x00000000d5a00000, 0x0000000100000000)
  eden space 3072K, 57% used [0x00000000d5580000,0x00000000d573ced8,0x00000000d5880000)
  from space 1024K, 34% used [0x00000000d5880000,0x00000000d58d8000,0x00000000d5980000)
  to   space 512K, 0% used [0x00000000d5980000,0x00000000d5980000,0x00000000d5a00000)
 ParOldGen       total 320000K, used 319983K [0x0000000080000000, 0x0000000093880000, 0x00000000d5580000)
  object space 320000K, 99% used [0x0000000080000000,0x000000009387bef0,0x0000000093880000)
 Metaspace       used 72209K, committed 73792K, reserved 1179648K
  class space    used 7509K, committed 8192K, reserved 1048576K
}
Event: 78.838 GC heap after
{Heap after GC invocations=403 (full 3):
 PSYoungGen      total 3584K, used 192K [0x00000000d5580000, 0x00000000d5a00000, 0x0000000100000000)
  eden space 3072K, 0% used [0x00000000d5580000,0x00000000d5580000,0x00000000d5880000)
  from space 512K, 37% used [0x00000000d5980000,0x00000000d59b0000,0x00000000d5a00000)
  to   space 512K, 0% used [0x00000000d5900000,0x00000000d5900000,0x00000000d5980000)
 ParOldGen       total 320512K, used 320055K [0x0000000080000000, 0x0000000093900000, 0x00000000d5580000)
  object space 320512K, 99% used [0x0000000080000000,0x000000009388def0,0x0000000093900000)
 Metaspace       used 72209K, committed 73792K, reserved 1179648K
  class space    used 7509K, committed 8192K, reserved 1048576K
}
Event: 78.851 GC heap before
{Heap before GC invocations=404 (full 3):
 PSYoungGen      total 3584K, used 3264K [0x00000000d5580000, 0x00000000d5a00000, 0x0000000100000000)
  eden space 3072K, 100% used [0x00000000d5580000,0x00000000d5880000,0x00000000d5880000)
  from space 512K, 37% used [0x00000000d5980000,0x00000000d59b0000,0x00000000d5a00000)
  to   space 512K, 0% used [0x00000000d5900000,0x00000000d5900000,0x00000000d5980000)
 ParOldGen       total 320512K, used 320055K [0x0000000080000000, 0x0000000093900000, 0x00000000d5580000)
  object space 320512K, 99% used [0x0000000080000000,0x000000009388def0,0x0000000093900000)
 Metaspace       used 72209K, committed 73792K, reserved 1179648K
  class space    used 7509K, committed 8192K, reserved 1048576K
}
Event: 78.855 GC heap after
{Heap after GC invocations=404 (full 3):
 PSYoungGen      total 3584K, used 384K [0x00000000d5580000, 0x00000000d5a00000, 0x0000000100000000)
  eden space 3072K, 0% used [0x00000000d5580000,0x00000000d5580000,0x00000000d5880000)
  from space 512K, 75% used [0x00000000d5900000,0x00000000d5960000,0x00000000d5980000)
  to   space 512K, 0% used [0x00000000d5980000,0x00000000d5980000,0x00000000d5a00000)
 ParOldGen       total 320512K, used 320095K [0x0000000080000000, 0x0000000093900000, 0x00000000d5580000)
  object space 320512K, 99% used [0x0000000080000000,0x0000000093897ef0,0x0000000093900000)
 Metaspace       used 72209K, committed 73792K, reserved 1179648K
  class space    used 7509K, committed 8192K, reserved 1048576K
}
Event: 78.870 GC heap before
{Heap before GC invocations=405 (full 3):
 PSYoungGen      total 3584K, used 2509K [0x00000000d5580000, 0x00000000d5a00000, 0x0000000100000000)
  eden space 3072K, 69% used [0x00000000d5580000,0x00000000d57934c0,0x00000000d5880000)
  from space 512K, 75% used [0x00000000d5900000,0x00000000d5960000,0x00000000d5980000)
  to   space 512K, 0% used [0x00000000d5980000,0x00000000d5980000,0x00000000d5a00000)
 ParOldGen       total 320512K, used 320095K [0x0000000080000000, 0x0000000093900000, 0x00000000d5580000)
  object space 320512K, 99% used [0x0000000080000000,0x0000000093897ef0,0x0000000093900000)
 Metaspace       used 72210K, committed 73792K, reserved 1179648K
  class space    used 7509K, committed 8192K, reserved 1048576K
}
Event: 78.873 GC heap after
{Heap after GC invocations=405 (full 3):
 PSYoungGen      total 3584K, used 480K [0x00000000d5580000, 0x00000000d5a00000, 0x0000000100000000)
  eden space 3072K, 0% used [0x00000000d5580000,0x00000000d5580000,0x00000000d5880000)
  from space 512K, 93% used [0x00000000d5980000,0x00000000d59f8000,0x00000000d5a00000)
  to   space 512K, 0% used [0x00000000d5900000,0x00000000d5900000,0x00000000d5980000)
 ParOldGen       total 320512K, used 320359K [0x0000000080000000, 0x0000000093900000, 0x00000000d5580000)
  object space 320512K, 99% used [0x0000000080000000,0x00000000938d9ef0,0x0000000093900000)
 Metaspace       used 72210K, committed 73792K, reserved 1179648K
  class space    used 7509K, committed 8192K, reserved 1048576K
}
Event: 78.880 GC heap before
{Heap before GC invocations=406 (full 3):
 PSYoungGen      total 3584K, used 2258K [0x00000000d5580000, 0x00000000d5a00000, 0x0000000100000000)
  eden space 3072K, 57% used [0x00000000d5580000,0x00000000d573cb68,0x00000000d5880000)
  from space 512K, 93% used [0x00000000d5980000,0x00000000d59f8000,0x00000000d5a00000)
  to   space 512K, 0% used [0x00000000d5900000,0x00000000d5900000,0x00000000d5980000)
 ParOldGen       total 320512K, used 320359K [0x0000000080000000, 0x0000000093900000, 0x00000000d5580000)
  object space 320512K, 99% used [0x0000000080000000,0x00000000938d9ef0,0x0000000093900000)
 Metaspace       used 72210K, committed 73792K, reserved 1179648K
  class space    used 7509K, committed 8192K, reserved 1048576K
}
Event: 78.883 GC heap after
{Heap after GC invocations=406 (full 3):
 PSYoungGen      total 3584K, used 160K [0x00000000d5580000, 0x00000000d5a00000, 0x0000000100000000)
  eden space 3072K, 0% used [0x00000000d5580000,0x00000000d5580000,0x00000000d5880000)
  from space 512K, 31% used [0x00000000d5900000,0x00000000d5928000,0x00000000d5980000)
  to   space 512K, 0% used [0x00000000d5980000,0x00000000d5980000,0x00000000d5a00000)
 ParOldGen       total 321024K, used 320599K [0x0000000080000000, 0x0000000093980000, 0x00000000d5580000)
  object space 321024K, 99% used [0x0000000080000000,0x0000000093915ef0,0x0000000093980000)
 Metaspace       used 72210K, committed 73792K, reserved 1179648K
  class space    used 7509K, committed 8192K, reserved 1048576K
}
Event: 78.890 GC heap before
{Heap before GC invocations=407 (full 3):
 PSYoungGen      total 3584K, used 1939K [0x00000000d5580000, 0x00000000d5a00000, 0x0000000100000000)
  eden space 3072K, 57% used [0x00000000d5580000,0x00000000d573ce18,0x00000000d5880000)
  from space 512K, 31% used [0x00000000d5900000,0x00000000d5928000,0x00000000d5980000)
  to   space 512K, 0% used [0x00000000d5980000,0x00000000d5980000,0x00000000d5a00000)
 ParOldGen       total 321024K, used 320599K [0x0000000080000000, 0x0000000093980000, 0x00000000d5580000)
  object space 321024K, 99% used [0x0000000080000000,0x0000000093915ef0,0x0000000093980000)
 Metaspace       used 72210K, committed 73792K, reserved 1179648K
  class space    used 7509K, committed 8192K, reserved 1048576K
}
Event: 78.892 GC heap after
{Heap after GC invocations=407 (full 3):
 PSYoungGen      total 3584K, used 288K [0x00000000d5580000, 0x00000000d5a00000, 0x0000000100000000)
  eden space 3072K, 0% used [0x00000000d5580000,0x00000000d5580000,0x00000000d5880000)
  from space 512K, 56% used [0x00000000d5980000,0x00000000d59c8000,0x00000000d5a00000)
  to   space 512K, 0% used [0x00000000d5900000,0x00000000d5900000,0x00000000d5980000)
 ParOldGen       total 321024K, used 320623K [0x0000000080000000, 0x0000000093980000, 0x00000000d5580000)
  object space 321024K, 99% used [0x0000000080000000,0x000000009391bef0,0x0000000093980000)
 Metaspace       used 72210K, committed 73792K, reserved 1179648K
  class space    used 7509K, committed 8192K, reserved 1048576K
}
Event: 78.899 GC heap before
{Heap before GC invocations=408 (full 3):
 PSYoungGen      total 3584K, used 2066K [0x00000000d5580000, 0x00000000d5a00000, 0x0000000100000000)
  eden space 3072K, 57% used [0x00000000d5580000,0x00000000d573cb58,0x00000000d5880000)
  from space 512K, 56% used [0x00000000d5980000,0x00000000d59c8000,0x00000000d5a00000)
  to   space 512K, 0% used [0x00000000d5900000,0x00000000d5900000,0x00000000d5980000)
 ParOldGen       total 321024K, used 320623K [0x0000000080000000, 0x0000000093980000, 0x00000000d5580000)
  object space 321024K, 99% used [0x0000000080000000,0x000000009391bef0,0x0000000093980000)
 Metaspace       used 72210K, committed 73792K, reserved 1179648K
  class space    used 7509K, committed 8192K, reserved 1048576K
}
Event: 78.902 GC heap after
{Heap after GC invocations=408 (full 3):
 PSYoungGen      total 4096K, used 256K [0x00000000d5580000, 0x00000000d5a80000, 0x0000000100000000)
  eden space 3584K, 0% used [0x00000000d5580000,0x00000000d5580000,0x00000000d5900000)
  from space 512K, 50% used [0x00000000d5900000,0x00000000d5940000,0x00000000d5980000)
  to   space 512K, 0% used [0x00000000d5a00000,0x00000000d5a00000,0x00000000d5a80000)
 ParOldGen       total 321024K, used 320639K [0x0000000080000000, 0x0000000093980000, 0x00000000d5580000)
  object space 321024K, 99% used [0x0000000080000000,0x000000009391fef0,0x0000000093980000)
 Metaspace       used 72210K, committed 73792K, reserved 1179648K
  class space    used 7509K, committed 8192K, reserved 1048576K
}
Event: 78.952 GC heap before
{Heap before GC invocations=409 (full 3):
 PSYoungGen      total 4096K, used 2762K [0x00000000d5580000, 0x00000000d5a80000, 0x0000000100000000)
  eden space 3584K, 69% used [0x00000000d5580000,0x00000000d57f2950,0x00000000d5900000)
  from space 512K, 50% used [0x00000000d5900000,0x00000000d5940000,0x00000000d5980000)
  to   space 512K, 0% used [0x00000000d5a00000,0x00000000d5a00000,0x00000000d5a80000)
 ParOldGen       total 321024K, used 320639K [0x0000000080000000, 0x0000000093980000, 0x00000000d5580000)
  object space 321024K, 99% used [0x0000000080000000,0x000000009391fef0,0x0000000093980000)
 Metaspace       used 72210K, committed 73792K, reserved 1179648K
  class space    used 7509K, committed 8192K, reserved 1048576K
}
Event: 78.954 GC heap after
{Heap after GC invocations=409 (full 3):
 PSYoungGen      total 4096K, used 352K [0x00000000d5580000, 0x00000000d5a80000, 0x0000000100000000)
  eden space 3584K, 0% used [0x00000000d5580000,0x00000000d5580000,0x00000000d5900000)
  from space 512K, 68% used [0x00000000d5a00000,0x00000000d5a58000,0x00000000d5a80000)
  to   space 512K, 0% used [0x00000000d5900000,0x00000000d5900000,0x00000000d5980000)
 ParOldGen       total 321024K, used 320655K [0x0000000080000000, 0x0000000093980000, 0x00000000d5580000)
  object space 321024K, 99% used [0x0000000080000000,0x0000000093923ef0,0x0000000093980000)
 Metaspace       used 72210K, committed 73792K, reserved 1179648K
  class space    used 7509K, committed 8192K, reserved 1048576K
}
Event: 78.995 GC heap before
{Heap before GC invocations=410 (full 3):
 PSYoungGen      total 4096K, used 3936K [0x00000000d5580000, 0x00000000d5a80000, 0x0000000100000000)
  eden space 3584K, 100% used [0x00000000d5580000,0x00000000d5900000,0x00000000d5900000)
  from space 512K, 68% used [0x00000000d5a00000,0x00000000d5a58000,0x00000000d5a80000)
  to   space 512K, 0% used [0x00000000d5900000,0x00000000d5900000,0x00000000d5980000)
 ParOldGen       total 321024K, used 320655K [0x0000000080000000, 0x0000000093980000, 0x00000000d5580000)
  object space 321024K, 99% used [0x0000000080000000,0x0000000093923ef0,0x0000000093980000)
 Metaspace       used 72211K, committed 73792K, reserved 1179648K
  class space    used 7510K, committed 8192K, reserved 1048576K
}
Event: 78.998 GC heap after
{Heap after GC invocations=410 (full 3):
 PSYoungGen      total 4096K, used 448K [0x00000000d5580000, 0x00000000d5a80000, 0x0000000100000000)
  eden space 3584K, 0% used [0x00000000d5580000,0x00000000d5580000,0x00000000d5900000)
  from space 512K, 87% used [0x00000000d5900000,0x00000000d5970000,0x00000000d5980000)
  to   space 512K, 0% used [0x00000000d5a00000,0x00000000d5a00000,0x00000000d5a80000)
 ParOldGen       total 321024K, used 320820K [0x0000000080000000, 0x0000000093980000, 0x00000000d5580000)
  object space 321024K, 99% used [0x0000000080000000,0x000000009394d0f0,0x0000000093980000)
 Metaspace       used 72211K, committed 73792K, reserved 1179648K
  class space    used 7510K, committed 8192K, reserved 1048576K
}
Event: 79.029 GC heap before
{Heap before GC invocations=411 (full 3):
 PSYoungGen      total 4096K, used 3991K [0x00000000d5580000, 0x00000000d5a80000, 0x0000000100000000)
  eden space 3584K, 98% used [0x00000000d5580000,0x00000000d58f5ff8,0x00000000d5900000)
  from space 512K, 87% used [0x00000000d5900000,0x00000000d5970000,0x00000000d5980000)
  to   space 512K, 0% used [0x00000000d5a00000,0x00000000d5a00000,0x00000000d5a80000)
 ParOldGen       total 321024K, used 320820K [0x0000000080000000, 0x0000000093980000, 0x00000000d5580000)
  object space 321024K, 99% used [0x0000000080000000,0x000000009394d0f0,0x0000000093980000)
 Metaspace       used 72212K, committed 73792K, reserved 1179648K
  class space    used 7510K, committed 8192K, reserved 1048576K
}
Event: 79.034 GC heap after
{Heap after GC invocations=411 (full 3):
 PSYoungGen      total 4096K, used 416K [0x00000000d5580000, 0x00000000d5a80000, 0x0000000100000000)
  eden space 3584K, 0% used [0x00000000d5580000,0x00000000d5580000,0x00000000d5900000)
  from space 512K, 81% used [0x00000000d5a00000,0x00000000d5a68000,0x00000000d5a80000)
  to   space 512K, 0% used [0x00000000d5900000,0x00000000d5900000,0x00000000d5980000)
 ParOldGen       total 324096K, used 324014K [0x0000000080000000, 0x0000000093c80000, 0x00000000d5580000)
  object space 324096K, 99% used [0x0000000080000000,0x0000000093c6ba20,0x0000000093c80000)
 Metaspace       used 72212K, committed 73792K, reserved 1179648K
  class space    used 7510K, committed 8192K, reserved 1048576K
}
Event: 79.064 GC heap before
{Heap before GC invocations=412 (full 3):
 PSYoungGen      total 4096K, used 4000K [0x00000000d5580000, 0x00000000d5a80000, 0x0000000100000000)
  eden space 3584K, 100% used [0x00000000d5580000,0x00000000d5900000,0x00000000d5900000)
  from space 512K, 81% used [0x00000000d5a00000,0x00000000d5a68000,0x00000000d5a80000)
  to   space 512K, 0% used [0x00000000d5900000,0x00000000d5900000,0x00000000d5980000)
 ParOldGen       total 324096K, used 324014K [0x0000000080000000, 0x0000000093c80000, 0x00000000d5580000)
  object space 324096K, 99% used [0x0000000080000000,0x0000000093c6ba20,0x0000000093c80000)
 Metaspace       used 72213K, committed 73792K, reserved 1179648K
  class space    used 7510K, committed 8192K, reserved 1048576K
}
Event: 79.067 GC heap after
{Heap after GC invocations=412 (full 3):
 PSYoungGen      total 4096K, used 320K [0x00000000d5580000, 0x00000000d5a80000, 0x0000000100000000)
  eden space 3584K, 0% used [0x00000000d5580000,0x00000000d5580000,0x00000000d5900000)
  from space 512K, 62% used [0x00000000d5900000,0x00000000d5950000,0x00000000d5980000)
  to   space 512K, 0% used [0x00000000d5a00000,0x00000000d5a00000,0x00000000d5a80000)
 ParOldGen       total 324608K, used 324134K [0x0000000080000000, 0x0000000093d00000, 0x00000000d5580000)
  object space 324608K, 99% used [0x0000000080000000,0x0000000093c89a20,0x0000000093d00000)
 Metaspace       used 72213K, committed 73792K, reserved 1179648K
  class space    used 7510K, committed 8192K, reserved 1048576K
}

Dll operation events (11 events):
Event: 0.049 Loaded shared library c:\Users\Lenovo\.vscode\extensions\redhat.java-1.54.0-win32-x64\jre\21.0.10-win32-x86_64\bin\java.dll
Event: 0.187 Loaded shared library c:\Users\Lenovo\.vscode\extensions\redhat.java-1.54.0-win32-x64\jre\21.0.10-win32-x86_64\bin\zip.dll
Event: 0.257 Loaded shared library C:\Users\Lenovo\.vscode\extensions\redhat.java-1.54.0-win32-x64\jre\21.0.10-win32-x86_64\bin\instrument.dll
Event: 0.263 Loaded shared library C:\Users\Lenovo\.vscode\extensions\redhat.java-1.54.0-win32-x64\jre\21.0.10-win32-x86_64\bin\net.dll
Event: 0.267 Loaded shared library C:\Users\Lenovo\.vscode\extensions\redhat.java-1.54.0-win32-x64\jre\21.0.10-win32-x86_64\bin\nio.dll
Event: 0.271 Loaded shared library C:\Users\Lenovo\.vscode\extensions\redhat.java-1.54.0-win32-x64\jre\21.0.10-win32-x86_64\bin\zip.dll
Event: 0.337 Loaded shared library C:\Users\Lenovo\.vscode\extensions\redhat.java-1.54.0-win32-x64\jre\21.0.10-win32-x86_64\bin\jimage.dll
Event: 0.579 Loaded shared library c:\Users\Lenovo\.vscode\extensions\redhat.java-1.54.0-win32-x64\jre\21.0.10-win32-x86_64\bin\verify.dll
Event: 2.719 Loaded shared library C:\Users\Lenovo\AppData\Roaming\Code\User\globalStorage\redhat.java\1.54.0\config_win\org.eclipse.equinox.launcher\org.eclipse.equinox.launcher.win32.win32.x86_64_1.3.0.v20260203-2149\eclipse_11919.dll
Event: 7.639 Loaded shared library C:\Users\Lenovo\AppData\Local\Temp\jna--2022488749\jna16463152319913259435.dll
Event: 36.533 Loaded shared library C:\Users\Lenovo\.vscode\extensions\redhat.java-1.54.0-win32-x64\jre\21.0.10-win32-x86_64\bin\sunmscapi.dll

Deoptimization events (20 events):
Event: 78.976 Thread 0x000002e6d9c4fec0 Uncommon trap: trap_request=0xffffffde fr.pc=0x000002e68869a114 relative=0x0000000000006294
Event: 78.976 Thread 0x000002e6d9c4fec0 Uncommon trap: reason=class_check action=maybe_recompile pc=0x000002e68869a114 method=org.eclipse.jdt.internal.compiler.lookup.PackageBinding.hasCompilationUnit(Z)Z @ 89 c2
Event: 78.976 Thread 0x000002e6d9c4fec0 DEOPT PACKING pc=0x000002e68869a114 sp=0x000000e90f9fe2e0
Event: 78.977 Thread 0x000002e6d9c4fec0 DEOPT UNPACKING pc=0x000002e6874a3aa2 sp=0x000000e90f9fe330 mode 2
Event: 78.977 Thread 0x000002e6d9c4fec0 Uncommon trap: trap_request=0xffffff45 fr.pc=0x000002e68865a0b8 relative=0x0000000000000098
Event: 78.977 Thread 0x000002e6d9c4fec0 Uncommon trap: reason=unstable_if action=reinterpret pc=0x000002e68865a0b8 method=org.eclipse.jdt.internal.compiler.env.IModuleAwareNameEnvironment$LookupStrategy.get([C)Lorg/eclipse/jdt/internal/compiler/env/IModuleAwareNameEnvironment$LookupStrategy; @ 
Event: 78.977 Thread 0x000002e6d9c4fec0 DEOPT PACKING pc=0x000002e68865a0b8 sp=0x000000e90f9fe250
Event: 78.978 Thread 0x000002e6d9c4fec0 DEOPT UNPACKING pc=0x000002e6874a3aa2 sp=0x000000e90f9fe1e0 mode 2
Event: 78.984 Thread 0x000002e6d9c4fec0 Uncommon trap: trap_request=0xffffffde fr.pc=0x000002e68869a114 relative=0x0000000000006294
Event: 78.984 Thread 0x000002e6d9c4fec0 Uncommon trap: reason=class_check action=maybe_recompile pc=0x000002e68869a114 method=org.eclipse.jdt.internal.compiler.lookup.PackageBinding.hasCompilationUnit(Z)Z @ 89 c2
Event: 78.984 Thread 0x000002e6d9c4fec0 DEOPT PACKING pc=0x000002e68869a114 sp=0x000000e90f9fdfb0
Event: 78.984 Thread 0x000002e6d9c4fec0 DEOPT UNPACKING pc=0x000002e6874a3aa2 sp=0x000000e90f9fe000 mode 2
Event: 78.987 Thread 0x000002e6d9c4fec0 Uncommon trap: trap_request=0xffffffde fr.pc=0x000002e68869a114 relative=0x0000000000006294
Event: 78.987 Thread 0x000002e6d9c4fec0 Uncommon trap: reason=class_check action=maybe_recompile pc=0x000002e68869a114 method=org.eclipse.jdt.internal.compiler.lookup.PackageBinding.hasCompilationUnit(Z)Z @ 89 c2
Event: 78.988 Thread 0x000002e6d9c4fec0 DEOPT PACKING pc=0x000002e68869a114 sp=0x000000e90f9fe2b0
Event: 78.988 Thread 0x000002e6d9c4fec0 DEOPT UNPACKING pc=0x000002e6874a3aa2 sp=0x000000e90f9fe300 mode 2
Event: 78.988 Thread 0x000002e6d9c4fec0 Uncommon trap: trap_request=0xffffffde fr.pc=0x000002e68869a114 relative=0x0000000000006294
Event: 78.989 Thread 0x000002e6d9c4fec0 Uncommon trap: reason=class_check action=maybe_recompile pc=0x000002e68869a114 method=org.eclipse.jdt.internal.compiler.lookup.PackageBinding.hasCompilationUnit(Z)Z @ 89 c2
Event: 78.989 Thread 0x000002e6d9c4fec0 DEOPT PACKING pc=0x000002e68869a114 sp=0x000000e90f9fe260
Event: 78.989 Thread 0x000002e6d9c4fec0 DEOPT UNPACKING pc=0x000002e6874a3aa2 sp=0x000000e90f9fe2b0 mode 2

Classes loaded (20 events):
Event: 44.190 Loading class java/util/stream/ReduceOps$5
Event: 44.191 Loading class java/util/stream/ReduceOps$5 done
Event: 44.192 Loading class java/util/stream/ReduceOps$CountingSink$OfRef
Event: 44.193 Loading class java/util/stream/ReduceOps$CountingSink
Event: 44.193 Loading class java/util/stream/ReduceOps$CountingSink done
Event: 44.193 Loading class java/util/stream/ReduceOps$CountingSink$OfRef done
Event: 44.587 Loading class java/util/stream/ReduceOps$1
Event: 44.588 Loading class java/util/stream/ReduceOps$1 done
Event: 44.589 Loading class java/util/stream/ReduceOps$1ReducingSink
Event: 44.590 Loading class java/util/stream/ReduceOps$1ReducingSink done
Event: 44.972 Loading class java/util/stream/ReferencePipeline$4
Event: 44.973 Loading class java/util/stream/ReferencePipeline$4 done
Event: 44.975 Loading class java/util/stream/Nodes$IntFixedNodeBuilder
Event: 44.975 Loading class java/util/stream/Node$Builder$OfInt
Event: 44.976 Loading class java/util/stream/Node$Builder$OfInt done
Event: 44.976 Loading class java/util/stream/Nodes$IntArrayNode
Event: 44.976 Loading class java/util/stream/Nodes$IntArrayNode done
Event: 44.976 Loading class java/util/stream/Nodes$IntFixedNodeBuilder done
Event: 44.977 Loading class java/util/stream/ReferencePipeline$4$1
Event: 44.978 Loading class java/util/stream/ReferencePipeline$4$1 done

Classes unloaded (11 events):
Event: 8.572 Thread 0x000002e6d1b53590 Unloading class 0x000002e6911a9400 'java/lang/invoke/LambdaForm$MH+0x000002e6911a9400'
Event: 8.572 Thread 0x000002e6d1b53590 Unloading class 0x000002e6911a9000 'java/lang/invoke/LambdaForm$MH+0x000002e6911a9000'
Event: 8.572 Thread 0x000002e6d1b53590 Unloading class 0x000002e6911a8c00 'java/lang/invoke/LambdaForm$MH+0x000002e6911a8c00'
Event: 8.572 Thread 0x000002e6d1b53590 Unloading class 0x000002e6911a8800 'java/lang/invoke/LambdaForm$MH+0x000002e6911a8800'
Event: 8.572 Thread 0x000002e6d1b53590 Unloading class 0x000002e6911a8400 'java/lang/invoke/LambdaForm$BMH+0x000002e6911a8400'
Event: 8.572 Thread 0x000002e6d1b53590 Unloading class 0x000002e6911a8000 'java/lang/invoke/LambdaForm$DMH+0x000002e6911a8000'
Event: 8.572 Thread 0x000002e6d1b53590 Unloading class 0x000002e6911a6c00 'java/lang/invoke/LambdaForm$DMH+0x000002e6911a6c00'
Event: 35.314 Thread 0x000002e6d1b53590 Unloading class 0x000002e6916a9400 'java/lang/invoke/LambdaForm$DMH+0x000002e6916a9400'
Event: 35.314 Thread 0x000002e6d1b53590 Unloading class 0x000002e6916a9000 'java/lang/invoke/LambdaForm$DMH+0x000002e6916a9000'
Event: 35.314 Thread 0x000002e6d1b53590 Unloading class 0x000002e6916a8c00 'java/lang/invoke/LambdaForm$DMH+0x000002e6916a8c00'
Event: 35.314 Thread 0x000002e6d1b53590 Unloading class 0x000002e6916a8800 'java/lang/invoke/LambdaForm$DMH+0x000002e6916a8800'

Classes redefined (0 events):
No events

Internal exceptions (20 events):
Event: 52.506 Thread 0x000002e6dbe54330 Exception <a 'java/lang/IncompatibleClassChangeError'{0x00000000d5628478}: Found class java.lang.Object, but interface was expected> (0x00000000d5628478) 
thrown [s\src\hotspot\share\interpreter\linkResolver.cpp, line 840]
Event: 52.607 Thread 0x000002e6d84328d0 Exception <a 'sun/nio/fs/WindowsException'{0x00000000d56f4e30}> (0x00000000d56f4e30) 
thrown [s\src\hotspot\share\prims\jni.cpp, line 520]
Event: 52.607 Thread 0x000002e6d84328d0 Exception <a 'sun/nio/fs/WindowsException'{0x00000000d56f77a8}> (0x00000000d56f77a8) 
thrown [s\src\hotspot\share\prims\jni.cpp, line 520]
Event: 52.610 Thread 0x000002e6d84328d0 Exception <a 'sun/nio/fs/WindowsException'{0x00000000d5712258}> (0x00000000d5712258) 
thrown [s\src\hotspot\share\prims\jni.cpp, line 520]
Event: 52.610 Thread 0x000002e6d84328d0 Exception <a 'sun/nio/fs/WindowsException'{0x00000000d5712888}> (0x00000000d5712888) 
thrown [s\src\hotspot\share\prims\jni.cpp, line 520]
Event: 72.103 Thread 0x000002e6d9c4fec0 Implicit null exception at 0x000002e68831095a to 0x000002e6883109b3
Event: 78.045 Thread 0x000002e6d9c4fec0 Exception <a 'sun/nio/fs/WindowsException'{0x00000000d57ef3e8}> (0x00000000d57ef3e8) 
thrown [s\src\hotspot\share\prims\jni.cpp, line 520]
Event: 78.045 Thread 0x000002e6d9c4fec0 Exception <a 'sun/nio/fs/WindowsException'{0x00000000d57efcc8}> (0x00000000d57efcc8) 
thrown [s\src\hotspot\share\prims\jni.cpp, line 520]
Event: 78.320 Thread 0x000002e6d9c4fec0 Exception <a 'sun/nio/fs/WindowsException'{0x00000000d5621288}> (0x00000000d5621288) 
thrown [s\src\hotspot\share\prims\jni.cpp, line 520]
Event: 78.321 Thread 0x000002e6d9c4fec0 Exception <a 'sun/nio/fs/WindowsException'{0x00000000d5621b68}> (0x00000000d5621b68) 
thrown [s\src\hotspot\share\prims\jni.cpp, line 520]
Event: 78.719 Thread 0x000002e6d9c4fec0 Exception <a 'sun/nio/fs/WindowsException'{0x00000000d57a5a38}> (0x00000000d57a5a38) 
thrown [s\src\hotspot\share\prims\jni.cpp, line 520]
Event: 78.719 Thread 0x000002e6d9c4fec0 Exception <a 'sun/nio/fs/WindowsException'{0x00000000d57a6318}> (0x00000000d57a6318) 
thrown [s\src\hotspot\share\prims\jni.cpp, line 520]
Event: 78.790 Thread 0x000002e6d9c4fec0 Exception <a 'sun/nio/fs/WindowsException'{0x00000000d56d1cc8}> (0x00000000d56d1cc8) 
thrown [s\src\hotspot\share\prims\jni.cpp, line 520]
Event: 78.790 Thread 0x000002e6d9c4fec0 Exception <a 'sun/nio/fs/WindowsException'{0x00000000d56d25a8}> (0x00000000d56d25a8) 
thrown [s\src\hotspot\share\prims\jni.cpp, line 520]
Event: 78.911 Thread 0x000002e6d9c4fec0 Exception <a 'sun/nio/fs/WindowsException'{0x00000000d572d8c8}> (0x00000000d572d8c8) 
thrown [s\src\hotspot\share\prims\jni.cpp, line 520]
Event: 78.911 Thread 0x000002e6d9c4fec0 Exception <a 'sun/nio/fs/WindowsException'{0x00000000d572e1a8}> (0x00000000d572e1a8) 
thrown [s\src\hotspot\share\prims\jni.cpp, line 520]
Event: 79.005 Thread 0x000002e6d9c4fec0 Exception <a 'sun/nio/fs/WindowsException'{0x00000000d56cca88}> (0x00000000d56cca88) 
thrown [s\src\hotspot\share\prims\jni.cpp, line 520]
Event: 79.005 Thread 0x000002e6d9c4fec0 Exception <a 'sun/nio/fs/WindowsException'{0x00000000d56cd368}> (0x00000000d56cd368) 
thrown [s\src\hotspot\share\prims\jni.cpp, line 520]
Event: 79.062 Thread 0x000002e6d9c4fec0 Exception <a 'sun/nio/fs/WindowsException'{0x00000000d58fd010}> (0x00000000d58fd010) 
thrown [s\src\hotspot\share\prims\jni.cpp, line 520]
Event: 79.062 Thread 0x000002e6d9c4fec0 Exception <a 'sun/nio/fs/WindowsException'{0x00000000d58fd8f0}> (0x00000000d58fd8f0) 
thrown [s\src\hotspot\share\prims\jni.cpp, line 520]

ZGC Phase Switch (0 events):
No events

VM Operations (20 events):
Event: 78.899 Executing safepoint VM operation: ParallelGCFailedAllocation (Allocation Failure)
Event: 78.902 Executing safepoint VM operation: ParallelGCFailedAllocation (Allocation Failure) done
Event: 78.952 Executing safepoint VM operation: ParallelGCFailedAllocation (Allocation Failure)
Event: 78.954 Executing safepoint VM operation: ParallelGCFailedAllocation (Allocation Failure) done
Event: 78.995 Executing safepoint VM operation: ParallelGCFailedAllocation (Allocation Failure)
Event: 78.999 Executing safepoint VM operation: ParallelGCFailedAllocation (Allocation Failure) done
Event: 79.029 Executing safepoint VM operation: ParallelGCFailedAllocation (Allocation Failure)
Event: 79.034 Executing safepoint VM operation: ParallelGCFailedAllocation (Allocation Failure) done
Event: 79.064 Executing safepoint VM operation: ParallelGCFailedAllocation (Allocation Failure)
Event: 79.067 Executing safepoint VM operation: ParallelGCFailedAllocation (Allocation Failure) done
Event: 120.391 Executing non-safepoint VM operation: HandshakeAllThreads (HandshakeForDeflation)
Event: 120.391 Executing non-safepoint VM operation: HandshakeAllThreads (HandshakeForDeflation) done
Event: 120.392 Executing non-safepoint VM operation: RendezvousGCThreads
Event: 120.392 Executing non-safepoint VM operation: RendezvousGCThreads done
Event: 171.948 Executing safepoint VM operation: Cleanup
Event: 171.948 Executing safepoint VM operation: Cleanup done
Event: 180.488 Executing non-safepoint VM operation: HandshakeAllThreads (HandshakeForDeflation)
Event: 180.488 Executing non-safepoint VM operation: HandshakeAllThreads (HandshakeForDeflation) done
Event: 180.488 Executing non-safepoint VM operation: RendezvousGCThreads
Event: 180.488 Executing non-safepoint VM operation: RendezvousGCThreads done

Memory protections (0 events):
No events

Nmethod flushes (20 events):
Event: 35.368 Thread 0x000002e6d1b53590 flushing  nmethod 0x000002e680909110
Event: 35.368 Thread 0x000002e6d1b53590 flushing  nmethod 0x000002e68090b390
Event: 35.368 Thread 0x000002e6d1b53590 flushing  nmethod 0x000002e680931490
Event: 35.368 Thread 0x000002e6d1b53590 flushing osr nmethod 0x000002e68096a690
Event: 35.368 Thread 0x000002e6d1b53590 flushing osr nmethod 0x000002e68097ca10
Event: 35.368 Thread 0x000002e6d1b53590 flushing osr nmethod 0x000002e680986590
Event: 35.368 Thread 0x000002e6d1b53590 flushing  nmethod 0x000002e680995790
Event: 35.368 Thread 0x000002e6d1b53590 flushing  nmethod 0x000002e68099d910
Event: 35.368 Thread 0x000002e6d1b53590 flushing  nmethod 0x000002e6809ac490
Event: 35.368 Thread 0x000002e6d1b53590 flushing  nmethod 0x000002e6809ace10
Event: 35.368 Thread 0x000002e6d1b53590 flushing  nmethod 0x000002e6809ad410
Event: 35.368 Thread 0x000002e6d1b53590 flushing  nmethod 0x000002e6809ae790
Event: 35.368 Thread 0x000002e6d1b53590 flushing  nmethod 0x000002e6809b4090
Event: 35.368 Thread 0x000002e6d1b53590 flushing  nmethod 0x000002e6809bec10
Event: 35.368 Thread 0x000002e6d1b53590 flushing  nmethod 0x000002e6809dbc10
Event: 35.368 Thread 0x000002e6d1b53590 flushing  nmethod 0x000002e6809dc210
Event: 35.368 Thread 0x000002e6d1b53590 flushing  nmethod 0x000002e6809dc910
Event: 35.368 Thread 0x000002e6d1b53590 flushing  nmethod 0x000002e6809dcc90
Event: 35.368 Thread 0x000002e6d1b53590 flushing  nmethod 0x000002e6809dd510
Event: 35.368 Thread 0x000002e6d1b53590 flushing  nmethod 0x000002e6809df490

Events (20 events):
Event: 71.583 Thread 0x000002e6daafa350 Thread added: 0x000002e6daafbe90
Event: 71.976 Thread 0x000002e6daafb0f0 Thread exited: 0x000002e6daafb0f0
Event: 72.468 Thread 0x000002e6daafa350 Thread added: 0x000002e6daafb0f0
Event: 73.158 Thread 0x000002e6daafa350 Thread added: 0x000002e6dab81b50
Event: 77.403 Thread 0x000002e6daafbe90 Thread exited: 0x000002e6daafbe90
Event: 84.071 Thread 0x000002e6daafb7c0 Thread exited: 0x000002e6daafb7c0
Event: 84.071 Thread 0x000002e6dab81b50 Thread exited: 0x000002e6dab81b50
Event: 89.083 Thread 0x000002e6daafa350 Thread exited: 0x000002e6daafa350
Event: 89.083 Thread 0x000002e6daafb0f0 Thread exited: 0x000002e6daafb0f0
Event: 91.597 Thread 0x000002e6daaf5190 Thread exited: 0x000002e6daaf5190
Event: 96.610 Thread 0x000002e6daaf8810 Thread exited: 0x000002e6daaf8810
Event: 101.610 Thread 0x000002e6daaf8140 Thread exited: 0x000002e6daaf8140
Event: 101.610 Thread 0x000002e6daaf73a0 Thread exited: 0x000002e6daaf73a0
Event: 106.613 Thread 0x000002e6daaf6cd0 Thread exited: 0x000002e6daaf6cd0
Event: 129.637 Thread 0x000002e6d88866d0 Thread exited: 0x000002e6d88866d0
Event: 129.637 Thread 0x000002e6d84328d0 Thread exited: 0x000002e6d84328d0
Event: 132.760 Thread 0x000002e6daeb8fc0 Thread exited: 0x000002e6daeb8fc0
Event: 132.760 Thread 0x000002e6d8884600 Thread exited: 0x000002e6d8884600
Event: 139.080 Thread 0x000002e6d9c4fec0 Thread exited: 0x000002e6d9c4fec0
Event: 199.088 Thread 0x000002e6d9c4c3b0 Thread exited: 0x000002e6d9c4c3b0


Dynamic libraries:
0x00007ff789960000 - 0x00007ff78996e000 	c:\Users\Lenovo\.vscode\extensions\redhat.java-1.54.0-win32-x64\jre\21.0.10-win32-x86_64\bin\java.exe
0x00007ffb7e160000 - 0x00007ffb7e3c7000 	C:\Windows\SYSTEM32\ntdll.dll
0x00007ffb7bee0000 - 0x00007ffb7bfa9000 	C:\Windows\System32\KERNEL32.DLL
0x00007ffb7ad30000 - 0x00007ffb7b127000 	C:\Windows\System32\KERNELBASE.dll
0x00007ffb7b130000 - 0x00007ffb7b27b000 	C:\Windows\System32\ucrtbase.dll
0x00007ffb653e0000 - 0x00007ffb653f8000 	c:\Users\Lenovo\.vscode\extensions\redhat.java-1.54.0-win32-x64\jre\21.0.10-win32-x86_64\bin\jli.dll
0x00007ffb7c6f0000 - 0x00007ffb7c8b6000 	C:\Windows\System32\USER32.dll
0x00007ffb7ab90000 - 0x00007ffb7abb7000 	C:\Windows\System32\win32u.dll
0x00007ffb7dfd0000 - 0x00007ffb7dffb000 	C:\Windows\System32\GDI32.dll
0x00007ffb7b330000 - 0x00007ffb7b45c000 	C:\Windows\System32\gdi32full.dll
0x00007ffb7b280000 - 0x00007ffb7b323000 	C:\Windows\System32\msvcp_win.dll
0x00007ffb65400000 - 0x00007ffb6541e000 	c:\Users\Lenovo\.vscode\extensions\redhat.java-1.54.0-win32-x64\jre\21.0.10-win32-x86_64\bin\VCRUNTIME140.dll
0x00007ffb79f90000 - 0x00007ffb7a222000 	C:\Windows\WinSxS\amd64_microsoft.windows.common-controls_6595b64144ccf1df_6.0.26100.8457_none_3e0b2faee331e92d\COMCTL32.dll
0x00007ffb7cba0000 - 0x00007ffb7cc49000 	C:\Windows\System32\msvcrt.dll
0x00007ffb7df90000 - 0x00007ffb7dfc2000 	C:\Windows\System32\IMM32.DLL
0x00007ffb74c50000 - 0x00007ffb74c5c000 	c:\Users\Lenovo\.vscode\extensions\redhat.java-1.54.0-win32-x64\jre\21.0.10-win32-x86_64\bin\vcruntime140_1.dll
0x00007ffb441f0000 - 0x00007ffb4427d000 	c:\Users\Lenovo\.vscode\extensions\redhat.java-1.54.0-win32-x64\jre\21.0.10-win32-x86_64\bin\msvcp140.dll
0x00007ffaafca0000 - 0x00007ffab0a41000 	c:\Users\Lenovo\.vscode\extensions\redhat.java-1.54.0-win32-x64\jre\21.0.10-win32-x86_64\bin\server\jvm.dll
0x00007ffb7cc50000 - 0x00007ffb7cd06000 	C:\Windows\System32\ADVAPI32.dll
0x00007ffb7d760000 - 0x00007ffb7d807000 	C:\Windows\System32\sechost.dll
0x00007ffb7d640000 - 0x00007ffb7d758000 	C:\Windows\System32\RPCRT4.dll
0x00007ffb7c030000 - 0x00007ffb7c0b0000 	C:\Windows\System32\WS2_32.dll
0x00007ffb7a9f0000 - 0x00007ffb7aa4e000 	C:\Windows\SYSTEM32\POWRPROF.dll
0x00007ffb74ec0000 - 0x00007ffb74ef6000 	C:\Windows\SYSTEM32\WINMM.dll
0x00007ffb5c210000 - 0x00007ffb5c21b000 	C:\Windows\SYSTEM32\VERSION.dll
0x00007ffb7a9d0000 - 0x00007ffb7a9e4000 	C:\Windows\SYSTEM32\UMPDC.dll
0x00007ffb78ff0000 - 0x00007ffb7900b000 	C:\Windows\SYSTEM32\kernel.appcore.dll
0x00007ffb653d0000 - 0x00007ffb653da000 	c:\Users\Lenovo\.vscode\extensions\redhat.java-1.54.0-win32-x64\jre\21.0.10-win32-x86_64\bin\jimage.dll
0x00007ffb7a3b0000 - 0x00007ffb7a5f2000 	C:\Windows\SYSTEM32\DBGHELP.DLL
0x00007ffb7c0c0000 - 0x00007ffb7c443000 	C:\Windows\System32\combase.dll
0x00007ffb7cd10000 - 0x00007ffb7cde9000 	C:\Windows\System32\OLEAUT32.dll
0x00007ffb7a2a0000 - 0x00007ffb7a2db000 	C:\Windows\SYSTEM32\dbgcore.DLL
0x00007ffb7ac80000 - 0x00007ffb7ad28000 	C:\Windows\System32\bcryptPrimitives.dll
0x00007ffb653c0000 - 0x00007ffb653cf000 	c:\Users\Lenovo\.vscode\extensions\redhat.java-1.54.0-win32-x64\jre\21.0.10-win32-x86_64\bin\instrument.dll
0x00007ffb653a0000 - 0x00007ffb653c0000 	c:\Users\Lenovo\.vscode\extensions\redhat.java-1.54.0-win32-x64\jre\21.0.10-win32-x86_64\bin\java.dll
0x00007ffb7cdf0000 - 0x00007ffb7d55e000 	C:\Windows\System32\SHELL32.dll
0x00007ffb7b4f0000 - 0x00007ffb7bd5c000 	C:\Windows\System32\windows.storage.dll
0x00007ffb7de90000 - 0x00007ffb7df86000 	C:\Windows\System32\SHCORE.dll
0x00007ffb7c450000 - 0x00007ffb7c4b6000 	C:\Windows\System32\shlwapi.dll
0x00007ffb7aab0000 - 0x00007ffb7aad9000 	C:\Windows\SYSTEM32\profapi.dll
0x00007ffb64a20000 - 0x00007ffb64a38000 	c:\Users\Lenovo\.vscode\extensions\redhat.java-1.54.0-win32-x64\jre\21.0.10-win32-x86_64\bin\zip.dll
0x00007ffb64940000 - 0x00007ffb64950000 	C:\Users\Lenovo\.vscode\extensions\redhat.java-1.54.0-win32-x64\jre\21.0.10-win32-x86_64\bin\net.dll
0x00007ffb70840000 - 0x00007ffb70969000 	C:\Windows\SYSTEM32\WINHTTP.dll
0x00007ffb79510000 - 0x00007ffb7957c000 	C:\Windows\system32\mswsock.dll
0x00007ffb647e0000 - 0x00007ffb647f6000 	C:\Users\Lenovo\.vscode\extensions\redhat.java-1.54.0-win32-x64\jre\21.0.10-win32-x86_64\bin\nio.dll
0x00007ffb64930000 - 0x00007ffb64940000 	c:\Users\Lenovo\.vscode\extensions\redhat.java-1.54.0-win32-x64\jre\21.0.10-win32-x86_64\bin\verify.dll
0x00007ffb46320000 - 0x00007ffb46365000 	C:\Users\Lenovo\AppData\Roaming\Code\User\globalStorage\redhat.java\1.54.0\config_win\org.eclipse.equinox.launcher\org.eclipse.equinox.launcher.win32.win32.x86_64_1.3.0.v20260203-2149\eclipse_11919.dll
0x00007ffb7c4c0000 - 0x00007ffb7c657000 	C:\Windows\System32\ole32.dll
0x00007ffb7a720000 - 0x00007ffb7a73b000 	C:\Windows\SYSTEM32\CRYPTSP.dll
0x00007ffb79a80000 - 0x00007ffb79ab9000 	C:\Windows\system32\rsaenh.dll
0x00007ffb79580000 - 0x00007ffb795b3000 	C:\Windows\SYSTEM32\USERENV.dll
0x00007ffb7aa80000 - 0x00007ffb7aaaa000 	C:\Windows\SYSTEM32\bcrypt.dll
0x00007ffb79cd0000 - 0x00007ffb79cdc000 	C:\Windows\SYSTEM32\CRYPTBASE.dll
0x00007ffb78a20000 - 0x00007ffb78a52000 	C:\Windows\SYSTEM32\IPHLPAPI.DLL
0x00007ffb7c660000 - 0x00007ffb7c66a000 	C:\Windows\System32\NSI.dll
0x00007ffb38a30000 - 0x00007ffb38a79000 	C:\Users\Lenovo\AppData\Local\Temp\jna--2022488749\jna16463152319913259435.dll
0x00007ffb7dca0000 - 0x00007ffb7dca8000 	C:\Windows\System32\PSAPI.DLL
0x00007ffb70cb0000 - 0x00007ffb70ccd000 	C:\Windows\SYSTEM32\dhcpcsvc6.DLL
0x00007ffb70bf0000 - 0x00007ffb70c15000 	C:\Windows\SYSTEM32\dhcpcsvc.DLL
0x00007ffb639b0000 - 0x00007ffb639be000 	C:\Users\Lenovo\.vscode\extensions\redhat.java-1.54.0-win32-x64\jre\21.0.10-win32-x86_64\bin\sunmscapi.dll
0x00007ffb7bd60000 - 0x00007ffb7bed8000 	C:\Windows\System32\CRYPT32.dll
0x00007ffb79d10000 - 0x00007ffb79d40000 	C:\Windows\SYSTEM32\ncrypt.dll
0x00007ffb79b80000 - 0x00007ffb79bbf000 	C:\Windows\SYSTEM32\NTASN1.dll

JVMTI agents:
c:\Users\Lenovo\.vscode\extensions\redhat.java-1.54.0-win32-x64\lombok\lombok-1.18.39-4050.jar path:c:\Users\Lenovo\.vscode\extensions\redhat.java-1.54.0-win32-x64\jre\21.0.10-win32-x86_64\bin\instrument.dll, loaded, initialized, instrumentlib options:none

dbghelp: loaded successfully - version: 4.0.5 - missing functions: none
symbol engine: initialized successfully - sym options: 0x614 - pdb path: .;c:\Users\Lenovo\.vscode\extensions\redhat.java-1.54.0-win32-x64\jre\21.0.10-win32-x86_64\bin;C:\Windows\SYSTEM32;C:\Windows\WinSxS\amd64_microsoft.windows.common-controls_6595b64144ccf1df_6.0.26100.8457_none_3e0b2faee331e92d;c:\Users\Lenovo\.vscode\extensions\redhat.java-1.54.0-win32-x64\jre\21.0.10-win32-x86_64\bin\server;C:\Users\Lenovo\AppData\Roaming\Code\User\globalStorage\redhat.java\1.54.0\config_win\org.eclipse.equinox.launcher\org.eclipse.equinox.launcher.win32.win32.x86_64_1.3.0.v20260203-2149;C:\Users\Lenovo\AppData\Local\Temp\jna--2022488749

VM Arguments:
jvm_args: --add-modules=ALL-SYSTEM --add-opens=java.base/java.util=ALL-UNNAMED --add-opens=java.base/java.lang=ALL-UNNAMED --add-opens=java.base/sun.nio.fs=ALL-UNNAMED -Declipse.application=org.eclipse.jdt.ls.core.id1 -Dosgi.bundles.defaultStartLevel=4 -Declipse.product=org.eclipse.jdt.ls.core.product -Djava.import.generatesMetadataFilesAtProjectRoot=false -DDetectVMInstallationsJob.disabled=true -Dfile.encoding=utf8 -XX:+UseParallelGC -XX:GCTimeRatio=4 -XX:AdaptiveSizePolicyWeight=90 -Dsun.zip.disableMemoryMapping=true -Xmx2G -Xms100m -Xlog:disable -javaagent:c:\Users\Lenovo\.vscode\extensions\redhat.java-1.54.0-win32-x64\lombok\lombok-1.18.39-4050.jar -XX:+HeapDumpOnOutOfMemoryError -XX:HeapDumpPath=c:\Users\Lenovo\AppData\Roaming\Code\User\workspaceStorage\0768287e3c4817e1eb9a5923e08379d2\redhat.java -Daether.dependencyCollector.impl=bf 
java_command: c:\Users\Lenovo\.vscode\extensions\redhat.java-1.54.0-win32-x64\server\plugins\org.eclipse.equinox.launcher_1.7.100.v20251111-0406.jar -configuration c:\Users\Lenovo\AppData\Roaming\Code\User\globalStorage\redhat.java\1.54.0\config_win -data c:\Users\Lenovo\AppData\Roaming\Code\User\workspaceStorage\0768287e3c4817e1eb9a5923e08379d2\redhat.java\jdt_ws --pipe=\\.\pipe\lsp-aecbc8e5818c7aa2e86785e1b6cb317e-sock
java_class_path (initial): c:\Users\Lenovo\.vscode\extensions\redhat.java-1.54.0-win32-x64\server\plugins\org.eclipse.equinox.launcher_1.7.100.v20251111-0406.jar
Launcher Type: SUN_STANDARD

[Global flags]
    uintx AdaptiveSizePolicyWeight                 = 90                                        {product} {command line}
     intx CICompilerCount                          = 12                                        {product} {ergonomic}
    uintx GCTimeRatio                              = 4                                         {product} {command line}
     bool HeapDumpOnOutOfMemoryError               = true                                   {manageable} {command line}
    ccstr HeapDumpPath                             = c:\Users\Lenovo\AppData\Roaming\Code\User\workspaceStorage\0768287e3c4817e1eb9a5923e08379d2\redhat.java         {manageable} {command line}
   size_t InitialHeapSize                          = 104857600                                 {product} {command line}
   size_t MaxHeapSize                              = 2147483648                                {product} {command line}
   size_t MaxNewSize                               = 715653120                                 {product} {ergonomic}
   size_t MinHeapDeltaBytes                        = 524288                                    {product} {ergonomic}
   size_t MinHeapSize                              = 104857600                                 {product} {command line}
   size_t NewSize                                  = 34603008                                  {product} {ergonomic}
    uintx NonNMethodCodeHeapSize                   = 7602480                                {pd product} {ergonomic}
    uintx NonProfiledCodeHeapSize                  = 122027880                              {pd product} {ergonomic}
   size_t OldSize                                  = 70254592                                  {product} {ergonomic}
    uintx ProfiledCodeHeapSize                     = 122027880                              {pd product} {ergonomic}
    uintx ReservedCodeCacheSize                    = 251658240                              {pd product} {ergonomic}
     bool SegmentedCodeCache                       = true                                      {product} {ergonomic}
   size_t SoftMaxHeapSize                          = 2147483648                             {manageable} {ergonomic}
     bool UseCompressedOops                        = true                           {product lp64_product} {ergonomic}
     bool UseLargePagesIndividualAllocation        = false                                  {pd product} {ergonomic}
     bool UseParallelGC                            = true                                      {product} {command line}

Logging:
Log output configuration:
 #0: stdout all=off uptime,level,tags foldmultilines=false
 #1: stderr all=off uptime,level,tags foldmultilines=false

Release file:
JAVA_VERSION="21.0.10" 
MODULES="java.base java.compiler java.datatransfer java.xml java.prefs java.desktop java.instrument java.logging java.management java.security.sasl java.naming java.rmi java.management.rmi java.net.http java.scripting java.security.jgss java.transaction.xa java.sql java.sql.rowset java.xml.crypto java.se java.smartcardio jdk.accessibility jdk.internal.jvmstat jdk.attach jdk.charsets jdk.internal.opt jdk.zipfs jdk.compiler jdk.crypto.ec jdk.crypto.cryptoki jdk.crypto.mscapi jdk.dynalink jdk.internal.ed jdk.editpad jdk.hotspot.agent jdk.httpserver jdk.internal.le jdk.internal.vm.ci jdk.internal.vm.compiler jdk.internal.vm.compiler.management jdk.jartool jdk.javadoc jdk.jcmd jdk.management jdk.management.agent jdk.jconsole jdk.jdeps jdk.jdwp.agent jdk.jdi jdk.jfr jdk.jshell jdk.jsobject jdk.jstatd jdk.localedata jdk.management.jfr jdk.naming.dns jdk.naming.rmi jdk.net jdk.nio.mapmode jdk.random jdk.sctp jdk.security.auth jdk.security.jgss jdk.unsupported jdk.unsupported.desktop jdk.xml.dom" 

Environment Variables:
JAVA_HOME=C:\Program Files\Eclipse Adoptium\jdk-21.0.11.10-hotspot
PATH=D:\Microsoft VS Code;C:\Program Files\Eclipse Adoptium\jdk-21.0.11.10-hotspot\bin;C:\Program Files (x86)\Common Files\Oracle\Java\javapath;C:\Python314\Scripts\;C:\Python314\;C:\Program Files (x86)\Common Files\Intel\Shared Libraries\redist\intel64\compiler;C:\Program Files\Common Files\Oracle\Java\javapath;C:\Windows\system32;C:\Windows;C:\Windows\System32\Wbem;C:\Windows\System32\WindowsPowerShell\v1.0\;C:\Windows\System32\OpenSSH\;C:\Program Files\Java\jdk-24\bin;D:\Git\cmd;C:\Program Files\apache-maven-3.9.9\bin;C:\Program Files\gradle-8.13\bin;C:\Program Files\Git\cmd;D:\mingw32\bin;D:\mingw32\i686-w64-mingw32\bin;D:\NodeJS;C:\ProgramData\chocolatey\bin;D:\cursor\resources\app\bin;D:\PostgreSQL\bin;C:\Program Files\Eclipse Adoptium\jdk-21.0.11.10-hotspot\bin;C:\Program Files (x86)\Common Files\Oracle\Java\javapath;C:\Python314\Scripts\;C:\Python314\;C:\Program Files (x86)\Common Files\Intel\Shared Libraries\redist\intel64\compiler;C:\Program Files\Common Files\Oracle\Java\javapath;C:\Windows\system32;C:\Windows;C:\Windows\System32\Wbem;C:\Windows\System32\WindowsPowerShell\v1.0\;C:\Windows\System32\OpenSSH\;C:\Program Files\Java\jdk-24\bin;D:\Git\cmd;C:\Program Files\apache-maven-3.9.9\bin;C:\Program Files\gradle-8.13\bin;C:\Program Files\Git\cmd;D:\mingw32\bin;D:\mingw32\i686-w64-mingw32\bin;D:\NodeJS;C:\ProgramData\chocolatey\bin;D:\cursor\resources\app\bin;D:\PostgreSQL\bin;;C:\Program Files\Eclipse Adoptium\jdk-21.0.11.10-hotspot\bin
USERNAME=Lenovo
OS=Windows_NT
PROCESSOR_IDENTIFIER=Intel64 Family 6 Model 170 Stepping 4, GenuineIntel
TMP=C:\Users\Lenovo\AppData\Local\Temp
TEMP=C:\Users\Lenovo\AppData\Local\Temp




Periodic native trim disabled

---------------  S Y S T E M  ---------------

OS:
 Windows 11 , 64 bit Build 26100 (10.0.26100.8328)
OS uptime: 0 days 8:49 hours
Hyper-V role detected

CPU: total 18 (initial active 18) (9 cores per cpu, 2 threads per core) family 6 model 170 stepping 4 microcode 0x1e, cx8, cmov, fxsr, ht, mmx, 3dnowpref, sse, sse2, sse3, ssse3, sse4.1, sse4.2, popcnt, lzcnt, tsc, tscinvbit, avx, avx2, aes, erms, clmul, bmi1, bmi2, adx, sha, fma, vzeroupper, clflush, clflushopt, clwb, hv, serialize, rdtscp, rdpid, fsrm, f16c, cet_ibt, cet_ss
Processor Information for processor 0
  Max Mhz: 1200, Current Mhz: 1200, Mhz Limit: 1200
Processor Information for processor 1
  Max Mhz: 1200, Current Mhz: 1200, Mhz Limit: 1200
Processor Information for processor 2
  Max Mhz: 700, Current Mhz: 700, Mhz Limit: 700
Processor Information for processor 3
  Max Mhz: 700, Current Mhz: 700, Mhz Limit: 700
Processor Information for processor 4
  Max Mhz: 700, Current Mhz: 700, Mhz Limit: 700
Processor Information for processor 5
  Max Mhz: 700, Current Mhz: 700, Mhz Limit: 700
Processor Information for processor 6
  Max Mhz: 700, Current Mhz: 700, Mhz Limit: 700
Processor Information for processor 7
  Max Mhz: 700, Current Mhz: 700, Mhz Limit: 700
Processor Information for processor 8
  Max Mhz: 700, Current Mhz: 700, Mhz Limit: 700
Processor Information for processor 9
  Max Mhz: 700, Current Mhz: 700, Mhz Limit: 700
Processor Information for processor 10
  Max Mhz: 1200, Current Mhz: 1200, Mhz Limit: 1200
Processor Information for processor 11
  Max Mhz: 1200, Current Mhz: 1200, Mhz Limit: 1200
Processor Information for processor 12
  Max Mhz: 1200, Current Mhz: 1200, Mhz Limit: 1200
Processor Information for processor 13
  Max Mhz: 1200, Current Mhz: 1200, Mhz Limit: 1200
Processor Information for processor 14
  Max Mhz: 1200, Current Mhz: 1200, Mhz Limit: 1200
Processor Information for processor 15
  Max Mhz: 1200, Current Mhz: 1200, Mhz Limit: 1200
Processor Information for processor 16
  Max Mhz: 700, Current Mhz: 700, Mhz Limit: 700
Processor Information for processor 17
  Max Mhz: 700, Current Mhz: 700, Mhz Limit: 700

Memory: 4k page, system-wide physical 15805M (1577M free)
TotalPageFile size 25095M (AvailPageFile size 0M)
current process WorkingSet (physical memory assigned to process): 541M, peak: 655M
current process commit charge ("private bytes"): 639M, peak: 744M

vm_info: OpenJDK 64-Bit Server VM (21.0.10+7-LTS) for windows-amd64 JRE (21.0.10+7-LTS), built on 2026-01-20T00:00:00Z by "admin" with MS VC++ 17.12 (VS2022)

END.
